{"schema":1,"at":"2026-10-07T08:15:51.068Z","runId":"d47-prior-saved-reader-retry-20261007","path":"/Volumes/Samsung2TB/code/matrx-extend/docs/stabilization/resource-journals/d47-prior-saved-reader-retry-20261007.pending.jsonl","code":"RESOURCE_JOURNAL_OPENED"}
{"schema":1,"at":"2026-10-07T08:16:58.269Z","runId":"d47-prior-saved-reader-retry-20261007","mode":"run","policySchema":1,"sample":{"pressureLevel":1,"availableMemoryGiB":12.32,"requiredMemoryGiB":4,"oneMinuteLoad":1.27,"logicalCpus":10,"cpuBusyFraction":0.07714285714285715,"swapUsedMiB":2745.56,"repoFreeGiB":1681.1763534545898,"profileFreeGiB":1681.1763534545898,"safetyFreeGiB":23.305736541748047,"systemFreeGiB":23.305736541748047},"cpuBusySamples":[0.07,0.07,0.06,0.09,0.06,0.09,0.1],"reasons":[],"swapWindowSeconds":60,"code":"RESOURCE_ADMITTED"}
✔ second saved run requires its distinct exact result, never the first preview (2404.639ms)
✔ actual root preview is accepted while CSS uppercase defeats the old body innerText predicate but preserves exact source identity (1.903583ms)
✔ a different or prefix-matching recipe does not certify the saved result (3.31825ms)
✔ a hidden header does not certify a stale preview (1.28275ms)
✔ the current row must be in the preview associated with the exact header (1.151583ms)
✔ a preview containing both current and old rows cannot certify the terminal result (1.436041ms)
✔ a current cell alongside any unexpected saved result cannot certify the terminal result (6.71725ms)
✔ a renamed result column cannot certify the saved recipe (1.045833ms)
✔ exact saved row remains nonterminal until its live Run control clears (11.0295ms)
✔ stale-only refusal requires the visible specific error, idle exact Run control, and no preview (4.966833ms)
ℹ tests 10
ℹ suites 0
ℹ pass 10
ℹ fail 0
ℹ cancelled 0
ℹ skipped 0
ℹ todo 0
ℹ duration_ms 2762.062667
{"schema":1,"at":"2026-10-07T08:17:01.128Z","runId":"d47-prior-saved-reader-retry-20261007","childExitCode":0,"childSignal":null,"code":"RESOURCE_JOB_EXIT"}
{"schema":1,"at":"2026-10-07T08:17:01.165Z","runId":"d47-prior-saved-reader-retry-20261007","admitted":true,"resourceInvalid":false,"exitCode":0,"decision":"valid","code":"RESOURCE_FINAL_DECISION"}
