{"schema":1,"at":"2026-10-07T08:12:01.473Z","runId":"d47-prior-saved-route-node2-20261007","path":"/Volumes/Samsung2TB/code/matrx-extend/docs/stabilization/resource-journals/d47-prior-saved-route-node2-20261007.pending.jsonl","code":"RESOURCE_JOURNAL_OPENED"}
{"schema":1,"at":"2026-10-07T08:13:08.695Z","runId":"d47-prior-saved-route-node2-20261007","mode":"run","policySchema":1,"sample":{"pressureLevel":1,"availableMemoryGiB":12.64,"requiredMemoryGiB":4,"oneMinuteLoad":1.73,"logicalCpus":10,"cpuBusyFraction":0.08285714285714287,"swapUsedMiB":2753.56,"repoFreeGiB":1681.1770629882812,"profileFreeGiB":1681.1770629882812,"safetyFreeGiB":23.30304718017578,"systemFreeGiB":23.30304718017578},"cpuBusySamples":[0.07,0.08,0.06,0.1,0.07,0.14,0.06],"reasons":[],"swapWindowSeconds":60,"code":"RESOURCE_ADMITTED"}
✔ hosted artifact upload preserves every routed showcase native receipt (1.157833ms)
✔ explicit stale case dispatches the native driver with opt-in and exact artifact identity (1.282667ms)
✔ ordinary case clears inherited stale opt-in and unrelated cases have no showcase route (0.072166ms)
✔ D47 route binds the exact CI development artifact to its own native result (0.053834ms)
✔ D47 route propagates only an explicit supported inverse order (0.391125ms)
✔ D47 stale-only route keeps the exact artifact and isolated native output (0.073167ms)
✔ D47 manual-prior route selects the existing saved replay driver (0.041542ms)
✔ D47 prior-saved route dispatches two-run native driver on the same exact artifact (0.043708ms)
✔ public D47 route uses its own exact-artifact native receipt and never inherits fixture ordering (0.310583ms)
✔ stale route refuses wrong artifact identity before child dispatch (0.445833ms)
✔ stale preflight refuses missing approved fixture before resource admission (161.47325ms)
✔ approved stale preflight reaches credential-ready without resource or browser setup (75.744417ms)
✔ D47 preflight requires real admin credentials and device organization (153.816375ms)
ℹ tests 13
ℹ suites 0
ℹ pass 13
ℹ fail 0
ℹ cancelled 0
ℹ skipped 0
ℹ todo 0
ℹ duration_ms 461.711667
{"schema":1,"at":"2026-10-07T08:13:09.250Z","runId":"d47-prior-saved-route-node2-20261007","childExitCode":0,"childSignal":null,"code":"RESOURCE_JOB_EXIT"}
{"schema":1,"at":"2026-10-07T08:13:09.286Z","runId":"d47-prior-saved-route-node2-20261007","admitted":true,"resourceInvalid":false,"exitCode":0,"decision":"valid","code":"RESOURCE_FINAL_DECISION"}
