{"schema":1,"at":"2026-10-07T07:27:29.097Z","runId":"d47-manual-oracle-green-20261007","path":"/Volumes/Samsung2TB/code/matrx-extend/docs/stabilization/resource-journals/d47-manual-oracle-green-20261007.pending.jsonl","code":"RESOURCE_JOURNAL_OPENED"}
{"schema":1,"at":"2026-10-07T07:28:36.320Z","runId":"d47-manual-oracle-green-20261007","mode":"run","policySchema":1,"sample":{"pressureLevel":1,"availableMemoryGiB":12.48,"requiredMemoryGiB":4,"oneMinuteLoad":2.3,"logicalCpus":10,"cpuBusyFraction":0.09714285714285717,"swapUsedMiB":2857.56,"repoFreeGiB":1681.104476928711,"profileFreeGiB":23.31109619140625,"safetyFreeGiB":23.31109619140625,"systemFreeGiB":23.31109619140625},"cpuBusySamples":[0.06,0.08,0.15,0.16,0.09,0.07,0.07],"reasons":[],"swapWindowSeconds":60,"code":"RESOURCE_ADMITTED"}
✔ manual late response requires a finished write after the current binding trace (1.107584ms)
✔ seed discovery only ends after capture window reaches terminal UI (0.05075ms)
✔ Save click receipt preserves safe target failure before dispatch (0.537416ms)
✔ Save click receipt orders returned release before first post-click observation (157.756833ms)
✔ Save click receipt separates dispatch failure from first read failure (313.223375ms)
✔ current request provenance accepts both Chrome event orderings and context teardown forms (1.263917ms)
✔ stale-only provenance requires a current nonmatching packet and refuses any matching target (0.721666ms)
✔ stale-only terminal cannot be certified by silence, a wrong error, or a stale preview (0.1875ms)
✔ trace refuses swapped request identity, old payload and absent positive control (0.456459ms)
✔ probe cleanup removes listener and detaches even after removal fails (0.426041ms)
✔ failure receipt retains safe class and stage but strips raw error text (0.341167ms)
✔ live target receipt distinguishes absent, hidden, disabled, duplicate and renamed controls before teardown (1312.350459ms)
✔ live target receipt preserves the exact failed transport boundary without private messages (12.900416ms)
✔ target guard kills constant-success and skipped-disabled classification in memory (16.5925ms)
✔ Run waits for fresh exact host and enabled row without dispatching to a stale or unrelated page (432.389542ms)
✔ semantic title guard kills title-only lookup and reversed native-title precedence in memory (889.686583ms)
✔ old default deadline is RED before actual capture timer and cleanup; derived deadline observes the actual result (239.679709ms)
✔ derived wait follows changed actual capture configuration and refuses a different recipe (37.59525ms)
✔ terminal wait guard detects constant success without observing the operation (21.596291ms)
✔ budget derivation refuses unobservable caller settings instead of assuming the default (10.724125ms)
ℹ tests 20
ℹ suites 0
ℹ pass 20
ℹ fail 0
ℹ cancelled 0
ℹ skipped 0
ℹ todo 0
ℹ duration_ms 3520.210542
{"schema":1,"at":"2026-10-07T07:28:39.933Z","runId":"d47-manual-oracle-green-20261007","childExitCode":0,"childSignal":null,"code":"RESOURCE_JOB_EXIT"}
{"schema":1,"at":"2026-10-07T07:28:39.971Z","runId":"d47-manual-oracle-green-20261007","admitted":true,"resourceInvalid":false,"exitCode":0,"decision":"valid","code":"RESOURCE_FINAL_DECISION"}
