{"schema":1,"at":"2026-10-03T13:37:53.007Z","runId":"native-settings-escalation-admin-04","path":"/Volumes/Samsung2TB/code/matrx-extend/docs/stabilization/resource-journals/native-settings-escalation-admin-04.pending.jsonl","code":"RESOURCE_JOURNAL_OPENED"}
{"schema":1,"at":"2026-10-03T13:39:00.225Z","runId":"native-settings-escalation-admin-04","mode":"run","policySchema":1,"sample":{"pressureLevel":1,"availableMemoryGiB":11.36,"requiredMemoryGiB":4,"oneMinuteLoad":1.38,"logicalCpus":10,"cpuBusyFraction":0.15714285714285717,"swapUsedMiB":2633.5,"repoFreeGiB":1690.3376274108887,"profileFreeGiB":1690.3376274108887,"safetyFreeGiB":30.568191528320312,"systemFreeGiB":30.568191528320312},"cpuBusySamples":[0.14,0.19,0.16,0.15,0.14,0.17,0.15],"reasons":[],"swapWindowSeconds":60,"code":"RESOURCE_ADMITTED"}
HOSTED_BROWSER_READY 1194 acceptance
PREPARED_DEVELOPMENT 3092444e73094cb0023f6086202869ccbd22978b 025e793195c5f15352220d6f47fc9c4af26fa258f8dfb1bed813020444e35660
{"schema":1,"at":"2026-10-03T13:39:16.265Z","runId":"native-settings-escalation-admin-04","reasons":[],"sample":{"pressureLevel":1,"availableMemoryGiB":10.88,"requiredMemoryGiB":4,"oneMinuteLoad":1.62,"logicalCpus":10,"cpuBusyFraction":0.17,"swapUsedMiB":2633.5,"repoFreeGiB":1690.3375053405762,"profileFreeGiB":1690.3375053405762,"safetyFreeGiB":30.536731719970703,"systemFreeGiB":30.536731719970703},"code":"RESOURCE_WATCH_HEALTHY"}
FAIL D87 native acceptance: /Volumes/Samsung2TB/code/matrx-extend/test-results/settings-d87-native-dbb531b3-63fc-42db-9b40-779619a3f1b1.json
node:internal/modules/run_main:107
    triggerUncaughtException(
    ^

AssertionError [ERR_ASSERTION]: native side-panel acceptance exited 1

1 !== 0

    at run (file:///Volumes/Samsung2TB/code/matrx-extend/scripts/hosted-guest-acceptance.mjs:323:12)
    at process.processTicksAndRejections (node:internal/process/task_queues:104:5)
    at async file:///Volumes/Samsung2TB/code/matrx-extend/scripts/hosted-guest-acceptance.mjs:402:1 {
  generatedMessage: false,
  code: 'ERR_ASSERTION',
  actual: 1,
  expected: 0,
  operator: 'strictEqual',
  diff: 'simple'
}

Node.js v25.6.0
{"schema":1,"at":"2026-10-03T13:39:24.973Z","runId":"native-settings-escalation-admin-04","childExitCode":1,"childSignal":null,"code":"RESOURCE_JOB_EXIT"}
{"schema":1,"at":"2026-10-03T13:39:25.018Z","runId":"native-settings-escalation-admin-04","admitted":true,"resourceInvalid":false,"exitCode":1,"decision":"child_failed","code":"RESOURCE_FINAL_DECISION"}
