PLANTED in /Volumes/Samsung2TB/code/matrx-extend/.research/d47-prior-saved-route-correction-20261007/serve-arrival-mutant.mjs
RESTORED /Volumes/Samsung2TB/code/matrx-extend/.research/d47-prior-saved-route-correction-20261007/serve-arrival-mutant.mjs sha=4d14bacf9d12 original_sha=4d14bacf9d12 IDENTICAL
----- command output (tail) -----
{"schema":1,"at":"2026-10-07T08:44:46.483Z","runId":"d47-prior-saved-correction-arrival-red-20261007","mode":"run","policySchema":1,"sample":{"pressureLevel":1,"availableMemoryGiB":12,"requiredMemoryGiB":4,"oneMinuteLoad":0.81,"logicalCpus":10,"cpuBusyFraction":0.07714285714285715,"swapUsedMiB":2721.56,"repoFreeGiB":1681.0837478637695,"profileFreeGiB":1681.0837478637695,"safetyFreeGiB":23.282806396484375,"systemFreeGiB":23.282806396484375},"cpuBusySamples":[0.08,0.15,0.07,0.06,0.05,0.06,0.07],"reasons":[],"swapWindowSeconds":60,"code":"RESOURCE_ADMITTED"}

 RUN  v4.1.11 /Volumes/Samsung2TB/code/matrx-extend

 ❯ tests/unit/showcase-d47-fixture.test.ts (8 tests | 2 failed) 630ms
   × holds a real first saved-run request through a distinct second saved-run response 80ms
   × receives the held first-run request before finishing the first saved response 80ms

 Test Files  1 failed (1)
      Tests  2 failed | 6 passed (8)
   Start at  01:44:46
   Duration  867ms (transform 17ms, setup 46ms, import 11ms, tests 630ms, environment 93ms)

{"schema":1,"at":"2026-10-07T08:44:47.875Z","runId":"d47-prior-saved-correction-arrival-red-20261007","childExitCode":1,"childSignal":null,"code":"RESOURCE_JOB_EXIT"}
{"schema":1,"at":"2026-10-07T08:44:47.916Z","runId":"d47-prior-saved-correction-arrival-red-20261007","admitted":true,"resourceInvalid":false,"exitCode":1,"decision":"child_failed","code":"RESOURCE_FINAL_DECISION"}
(!) Your Vite config uses features that are unsupported by `configLoader: 'native'`, which is planned to become the default in a future major version of Vite:
  - `__dirname` (vitest.config.ts:7:25). Use `import.meta.dirname` instead
Set `VITE_CONFIG_NATIVE_IGNORE_WARNING=true` to suppress this warning.

⎯⎯⎯⎯⎯⎯⎯ Failed Tests 2 ⎯⎯⎯⎯⎯⎯⎯

 FAIL  tests/unit/showcase-d47-fixture.test.ts > holds a real first saved-run request through a distinct second saved-run response
AssertionError: expected 2 to be less than 1
 ❯ tests/unit/showcase-d47-fixture.test.ts:161:50
    159|   )
    160|     throw new Error('first_saved_arrival_order_missing');
    161|   expect(arrival.prior_saved_held_arrival_order).toBeLessThan(
       |                                                  ^
    162|     arrival.prior_saved_first_finish_order,
    163|   );

⎯⎯⎯⎯⎯⎯⎯⎯⎯⎯⎯⎯⎯⎯⎯⎯⎯⎯⎯⎯⎯⎯⎯⎯[1/2]⎯

 FAIL  tests/unit/showcase-d47-fixture.test.ts > receives the held first-run request before finishing the first saved response
AssertionError: expected { Object (phase, page_loads, ...) } to match object { …(4) }
(28 matching properties omitted from actual)

- Expected
+ Received

  {
-   "prior_saved_first_finish_order": null,
-   "prior_saved_first_finished": false,
-   "prior_saved_first_pending": true,
+   "prior_saved_first_finish_order": 1,
+   "prior_saved_first_finished": true,
+   "prior_saved_first_pending": false,
    "prior_saved_held_arrival_order": null,
  }

 ❯ tests/unit/showcase-d47-fixture.test.ts:202:72
    200|     .poll(async () => (await get(`${origin}/control/document-race/stat…
    201|     .toMatchObject({ target_requests: 2 });
    202|   expect((await get(`${origin}/control/document-race/status`)).json())…
       |                                                                        ^
    203|     prior_saved_first_pending: true,
    204|     prior_saved_first_finished: false,

⎯⎯⎯⎯⎯⎯⎯⎯⎯⎯⎯⎯⎯⎯⎯⎯⎯⎯⎯⎯⎯⎯⎯⎯[2/2]⎯

---------------------------------
VERDICT: RED (rc=1, expected RED)
