{"schema":1,"at":"2026-10-07T08:38:24.977Z","runId":"d47-prior-saved-correction-install-20261007","path":"/Volumes/Samsung2TB/code/matrx-extend/docs/stabilization/resource-journals/d47-prior-saved-correction-install-20261007.pending.jsonl","code":"RESOURCE_JOURNAL_OPENED"}
{"schema":1,"at":"2026-10-07T08:39:32.201Z","runId":"d47-prior-saved-correction-install-20261007","mode":"run","policySchema":1,"sample":{"pressureLevel":1,"availableMemoryGiB":12,"requiredMemoryGiB":4,"oneMinuteLoad":0.79,"logicalCpus":10,"cpuBusyFraction":0.07142857142857142,"swapUsedMiB":2721.56,"repoFreeGiB":1681.1794700622559,"profileFreeGiB":1681.1794700622559,"safetyFreeGiB":23.28553009033203,"systemFreeGiB":23.28553009033203},"cpuBusySamples":[0.06,0.06,0.07,0.06,0.06,0.06,0.13],"reasons":[],"swapWindowSeconds":60,"code":"RESOURCE_ADMITTED"}
Lockfile is up to date, resolution step is skipped
Progress: resolved 1, reused 0, downloaded 0, added 0
Packages: +163 -12
++++++++++++++++++++++++++++++++++++++++++++++++++++++++++++++++++++++++++------
Progress: resolved 163, reused 135, downloaded 20, added 152
Progress: resolved 163, reused 135, downloaded 25, added 159
Progress: resolved 163, reused 135, downloaded 28, added 162, done

dependencies:
- @ai-matrx/agents 0.45.4
+ @ai-matrx/agents 0.50.1
- @ai-matrx/associations 0.13.150
+ @ai-matrx/associations 0.13.154
- @ai-matrx/content-ir 0.21.0
+ @ai-matrx/content-ir 0.22.4
- @ai-matrx/content-ir-react 0.21.0
+ @ai-matrx/content-ir-react 0.24.5
- @ai-matrx/data 0.18.37
+ @ai-matrx/data 0.18.39
- @ai-matrx/design-system 0.68.9
+ @ai-matrx/design-system 0.70.7
- @ai-matrx/kit 0.22.2
+ @ai-matrx/kit 0.28.1
- @ai-matrx/media 0.8.0
+ @ai-matrx/media 0.10.2
- @ai-matrx/records 0.73.2
+ @ai-matrx/records 0.76.12
- @ai-matrx/tap-target 0.2.19
+ @ai-matrx/tap-target 0.2.20

Done in 3.1s using pnpm v10.30.3
{"schema":1,"at":"2026-10-07T08:39:35.585Z","runId":"d47-prior-saved-correction-install-20261007","childExitCode":0,"childSignal":null,"code":"RESOURCE_JOB_EXIT"}
{"schema":1,"at":"2026-10-07T08:39:35.630Z","runId":"d47-prior-saved-correction-install-20261007","admitted":true,"resourceInvalid":false,"exitCode":0,"decision":"valid","code":"RESOURCE_FINAL_DECISION"}
