{"schema":1,"at":"2026-10-07T12:20:25.442Z","runId":"census-escalation-final-20261007-01","path":"/Volumes/Samsung2TB/code/matrx-extend/docs/stabilization/resource-journals/census-escalation-final-20261007-01.pending.jsonl","code":"RESOURCE_JOURNAL_OPENED"}
{"schema":1,"at":"2026-10-07T12:21:32.634Z","runId":"census-escalation-final-20261007-01","mode":"run","policySchema":1,"sample":{"pressureLevel":1,"availableMemoryGiB":12,"requiredMemoryGiB":4,"oneMinuteLoad":1.1,"logicalCpus":10,"cpuBusyFraction":0.06999999999999999,"swapUsedMiB":2650.19,"repoFreeGiB":1680.626750946045,"profileFreeGiB":1680.626750946045,"safetyFreeGiB":23.157222747802734,"systemFreeGiB":23.157222747802734},"cpuBusySamples":[0.06,0.06,0.06,0.08,0.09,0.07,0.07],"reasons":[],"swapWindowSeconds":60,"code":"RESOURCE_ADMITTED"}
✔ Profile route passes exact CI artifact identity and extended admin mode to the native driver (1.368833ms)
✔ Profile route refuses absent or wrong case and non-CI evidence (0.768833ms)
✔ hosted Profile preflight refuses before credentials or runtime setup (172.841083ms)
✔ Profile organization fixture requires a private approved name (0.157375ms)
✔ Showcase and Scrape admin routes require the approved fixture before browser setup (159.756541ms)
✔ hosted Profile stages an exclusive private organization fixture for the native driver (3.82025ms)
✔ every hosted Profile phase refuses before browser setup with valid private inputs (609.408959ms)
✔ other hosted acceptance still passes credential preflight without runtime setup (77.088458ms)
✔ non-Profile package and browser phases retain resource admission (152.317458ms)
✔ known inventory labels map to source IDs while new visible controls stay explicit and private (1.60475ms)
✔ backend mutation attempt is aborted without retaining URL or request body (0.162375ms)
✔ unknown labels, inaccessible regions, and intercepted RPCs each prevent completeness (0.248333ms)
✔ Settings census observes the actual OpenUrl anchor as C39 without emitting its href (8.419708ms)
✔ unknown DOM labels use a fresh keyed fingerprint without raw text or correlation (4.70125ms)
✔ direct census invocation refuses before browser or credentials without resource guard (90.160875ms)
✔ hosted census role preflight requires real auth only for member and admin (0.249541ms)
✔ discovery retains untitled and alternate tab shapes but only permits mapped native triggers (3.923583ms)
✔ discovery retains summary, non-button expanders and unclassified section controls (1.981584ms)
✔ guest evidence requires observed signed-out account and absent credentials (1.191ms)
✔ guest observation refuses every contradictory or missing auth signal without leaking identity (6.629541ms)
✔ discovery contract detects an in-memory narrowed selector and constant-result replacement (8.774084ms)
✔ guest contract detects a constant signed-out replacement (4.244958ms)
ℹ tests 22
ℹ suites 0
ℹ pass 22
ℹ fail 0
ℹ cancelled 0
ℹ skipped 0
ℹ todo 0
ℹ duration_ms 1251.928167
{"schema":1,"at":"2026-10-07T12:21:33.949Z","runId":"census-escalation-final-20261007-01","childExitCode":0,"childSignal":null,"code":"RESOURCE_JOB_EXIT"}
{"schema":1,"at":"2026-10-07T12:21:33.987Z","runId":"census-escalation-final-20261007-01","admitted":true,"resourceInvalid":false,"exitCode":0,"decision":"valid","code":"RESOURCE_FINAL_DECISION"}
