{"schema":1,"at":"2026-10-07T12:17:43.719Z","runId":"census-escalation-green-20261007-01","path":"/Volumes/Samsung2TB/code/matrx-extend/docs/stabilization/resource-journals/census-escalation-green-20261007-01.pending.jsonl","code":"RESOURCE_JOURNAL_OPENED"}
{"schema":1,"at":"2026-10-07T12:18:50.922Z","runId":"census-escalation-green-20261007-01","mode":"run","policySchema":1,"sample":{"pressureLevel":1,"availableMemoryGiB":12,"requiredMemoryGiB":4,"oneMinuteLoad":1.06,"logicalCpus":10,"cpuBusyFraction":0.07,"swapUsedMiB":2650.19,"repoFreeGiB":1680.6275024414062,"profileFreeGiB":1680.6275024414062,"safetyFreeGiB":23.154457092285156,"systemFreeGiB":23.154457092285156},"cpuBusySamples":[0.07,0.06,0.08,0.08,0.07,0.06,0.07],"reasons":[],"swapWindowSeconds":60,"code":"RESOURCE_ADMITTED"}
✔ Profile route passes exact CI artifact identity and extended admin mode to the native driver (1.187792ms)
✔ Profile route refuses absent or wrong case and non-CI evidence (0.69425ms)
✔ hosted Profile preflight refuses before credentials or runtime setup (159.016625ms)
✔ Profile organization fixture requires a private approved name (0.157792ms)
✔ Showcase and Scrape admin routes require the approved fixture before browser setup (156.837209ms)
✔ hosted Profile stages an exclusive private organization fixture for the native driver (3.969667ms)
✔ every hosted Profile phase refuses before browser setup with valid private inputs (606.7885ms)
✔ other hosted acceptance still passes credential preflight without runtime setup (76.597709ms)
✔ non-Profile package and browser phases retain resource admission (154.202208ms)
✔ known inventory labels map to source IDs while new visible controls stay explicit and private (1.602ms)
✔ backend mutation attempt is aborted without retaining URL or request body (0.165583ms)
✔ unknown labels, inaccessible regions, and intercepted RPCs each prevent completeness (0.20125ms)
✔ Settings census observes the actual OpenUrl anchor as C39 without emitting its href (7.478208ms)
✔ unknown DOM labels use a fresh keyed fingerprint without raw text or correlation (4.878292ms)
✔ direct census invocation refuses before browser or credentials without resource guard (89.918125ms)
✔ hosted census role preflight requires real auth only for member and admin (0.242958ms)
✔ discovery retains untitled and alternate tab shapes but only permits mapped native triggers (2.975917ms)
✔ discovery retains summary, non-button expanders and unclassified section controls (1.923834ms)
✔ guest evidence requires observed signed-out account and absent credentials (1.219375ms)
✔ guest observation refuses every contradictory or missing auth signal without leaking identity (7.003833ms)
ℹ tests 20
ℹ suites 0
ℹ pass 20
ℹ fail 0
ℹ cancelled 0
ℹ skipped 0
ℹ todo 0
ℹ duration_ms 1227.518584
{"schema":1,"at":"2026-10-07T12:18:52.240Z","runId":"census-escalation-green-20261007-01","childExitCode":0,"childSignal":null,"code":"RESOURCE_JOB_EXIT"}
{"schema":1,"at":"2026-10-07T12:18:52.279Z","runId":"census-escalation-green-20261007-01","admitted":true,"resourceInvalid":false,"exitCode":0,"decision":"valid","code":"RESOURCE_FINAL_DECISION"}
