{"schema":1,"at":"2026-10-07T12:15:22.308Z","runId":"census-escalation-red-20261007-01","path":"/Volumes/Samsung2TB/code/matrx-extend/docs/stabilization/resource-journals/census-escalation-red-20261007-01.pending.jsonl","code":"RESOURCE_JOURNAL_OPENED"}
{"schema":1,"at":"2026-10-07T12:16:29.522Z","runId":"census-escalation-red-20261007-01","mode":"run","policySchema":1,"sample":{"pressureLevel":1,"availableMemoryGiB":12,"requiredMemoryGiB":4,"oneMinuteLoad":1.27,"logicalCpus":10,"cpuBusyFraction":0.07571428571428572,"swapUsedMiB":2650.19,"repoFreeGiB":1680.627555847168,"profileFreeGiB":1680.627555847168,"safetyFreeGiB":23.155750274658203,"systemFreeGiB":23.155750274658203},"cpuBusySamples":[0.07,0.07,0.11,0.07,0.06,0.08,0.07],"reasons":[],"swapWindowSeconds":60,"code":"RESOURCE_ADMITTED"}
✔ Profile route passes exact CI artifact identity and extended admin mode to the native driver (1.480208ms)
✔ Profile route refuses absent or wrong case and non-CI evidence (0.766541ms)
✔ hosted Profile preflight refuses before credentials or runtime setup (172.845167ms)
✔ Profile organization fixture requires a private approved name (0.180375ms)
✔ Showcase and Scrape admin routes require the approved fixture before browser setup (159.813208ms)
✔ hosted Profile stages an exclusive private organization fixture for the native driver (3.9135ms)
✔ every hosted Profile phase refuses before browser setup with valid private inputs (605.471ms)
✔ other hosted acceptance still passes credential preflight without runtime setup (76.189875ms)
✔ non-Profile package and browser phases retain resource admission (152.867875ms)
✔ known inventory labels map to source IDs while new visible controls stay explicit and private (1.708542ms)
✔ backend mutation attempt is aborted without retaining URL or request body (0.176375ms)
✔ unknown labels, inaccessible regions, and intercepted RPCs each prevent completeness (0.213708ms)
✔ Settings census observes the actual OpenUrl anchor as C39 without emitting its href (8.979417ms)
✔ unknown DOM labels use a fresh keyed fingerprint without raw text or correlation (4.788292ms)
✔ direct census invocation refuses before browser or credentials without resource guard (90.124792ms)
✔ hosted census role preflight requires real auth only for member and admin (0.238042ms)
✖ discovery retains untitled and alternate tab shapes but only permits mapped native triggers (3.073375ms)
✖ discovery retains summary, non-button expanders and unclassified section controls (1.33575ms)
✖ guest evidence requires observed signed-out account and absent credentials (0.726708ms)
✖ guest observation refuses every contradictory or missing auth signal without leaking identity (0.720375ms)
ℹ tests 20
ℹ suites 0
ℹ pass 16
ℹ fail 4
ℹ cancelled 0
ℹ skipped 0
ℹ todo 0
ℹ duration_ms 1243.894333

✖ failing tests:

test at tests/browser/takeover-visible-census.test.mjs:228:1
✖ discovery retains untitled and alternate tab shapes but only permits mapped native triggers (3.073375ms)
  AssertionError [ERR_ASSERTION]: alternate navigation must not disappear
  
  1 !== 4
  
      at TestContext.<anonymous> (file:///Volumes/Samsung2TB/code/matrx-extend/tests/browser/takeover-visible-census.test.mjs:236:10)
      at async Test.run (node:internal/test_runner/test:1125:7)
      at async Test.processPendingSubtests (node:internal/test_runner/test:787:7) {
    generatedMessage: false,
    code: 'ERR_ASSERTION',
    actual: 1,
    expected: 4,
    operator: 'strictEqual',
    diff: 'simple'
  }

test at tests/browser/takeover-visible-census.test.mjs:243:1
✖ discovery retains summary, non-button expanders and unclassified section controls (1.33575ms)
  AssertionError [ERR_ASSERTION]: alternate section triggers must not disappear
  
  1 !== 4
  
      at TestContext.<anonymous> (file:///Volumes/Samsung2TB/code/matrx-extend/tests/browser/takeover-visible-census.test.mjs:249:10)
      at async Test.run (node:internal/test_runner/test:1125:7)
      at async Test.processPendingSubtests (node:internal/test_runner/test:787:7) {
    generatedMessage: false,
    code: 'ERR_ASSERTION',
    actual: 1,
    expected: 4,
    operator: 'strictEqual',
    diff: 'simple'
  }

test at tests/browser/takeover-visible-census.test.mjs:264:1
✖ guest evidence requires observed signed-out account and absent credentials (0.726708ms)
  AssertionError [ERR_ASSERTION]: guest cannot be a requested role label alone
  + actual - expected
  
  + undefined
  - true
  
      at TestContext.<anonymous> (file:///Volumes/Samsung2TB/code/matrx-extend/tests/browser/takeover-visible-census.test.mjs:266:10)
      at async Test.run (node:internal/test_runner/test:1125:7)
      at async Test.processPendingSubtests (node:internal/test_runner/test:787:7) {
    generatedMessage: false,
    code: 'ERR_ASSERTION',
    actual: undefined,
    expected: true,
    operator: 'strictEqual',
    diff: 'simple'
  }

test at tests/browser/takeover-visible-census.test.mjs:273:1
✖ guest observation refuses every contradictory or missing auth signal without leaking identity (0.720375ms)
  AssertionError [ERR_ASSERTION]: Missing expected rejection.
      at async TestContext.<anonymous> (file:///Volumes/Samsung2TB/code/matrx-extend/tests/browser/takeover-visible-census.test.mjs:282:5)
      at async Test.run (node:internal/test_runner/test:1125:7)
      at async Test.processPendingSubtests (node:internal/test_runner/test:787:7) {
    generatedMessage: false,
    code: 'ERR_ASSERTION',
    actual: undefined,
    operator: 'rejects',
    diff: 'simple'
  }
{"schema":1,"at":"2026-10-07T12:16:30.854Z","runId":"census-escalation-red-20261007-01","childExitCode":1,"childSignal":null,"code":"RESOURCE_JOB_EXIT"}
{"schema":1,"at":"2026-10-07T12:16:30.893Z","runId":"census-escalation-red-20261007-01","admitted":true,"resourceInvalid":false,"exitCode":1,"decision":"child_failed","code":"RESOURCE_FINAL_DECISION"}
