{"schema":1,"at":"2026-10-07T09:18:17.393Z","runId":"d47-navigation-order-guarded-20261007","path":"/Volumes/Samsung2TB/code/matrx-extend/docs/stabilization/resource-journals/d47-navigation-order-guarded-20261007.pending.jsonl","code":"RESOURCE_JOURNAL_OPENED"}
{"schema":1,"at":"2026-10-07T09:19:24.614Z","runId":"d47-navigation-order-guarded-20261007","mode":"run","policySchema":1,"sample":{"pressureLevel":1,"availableMemoryGiB":12.32,"requiredMemoryGiB":4,"oneMinuteLoad":1.29,"logicalCpus":10,"cpuBusyFraction":0.07714285714285715,"swapUsedMiB":2690.19,"repoFreeGiB":1680.9882698059082,"profileFreeGiB":1680.9882698059082,"safetyFreeGiB":23.26813507080078,"systemFreeGiB":23.26813507080078},"cpuBusySamples":[0.07,0.07,0.09,0.08,0.06,0.06,0.11],"reasons":[],"swapWindowSeconds":60,"code":"RESOURCE_ADMITTED"}
✔ manual late response requires a finished write after the current binding trace (1.122958ms)
✔ seed discovery only ends after capture window reaches terminal UI (0.051833ms)
✔ Save click receipt preserves safe target failure before dispatch (0.547834ms)
✔ Save click receipt orders returned release before first post-click observation (156.05ms)
✔ Save click receipt separates dispatch failure from first read failure (314.415792ms)
✔ current request provenance accepts both Chrome event orderings and context teardown forms (1.592959ms)
✔ prior saved replay accepts retained commit-before-context order only inside the same-frame run window (1.142ms)
✔ stale-only provenance requires a current nonmatching packet and refuses any matching target (0.557125ms)
✔ stale-only terminal cannot be certified by silence, a wrong error, or a stale preview (0.2ms)
✔ trace refuses swapped request identity, old payload and absent positive control (0.4915ms)
✔ probe cleanup removes listener and detaches even after removal fails (0.29325ms)
✔ failure receipt retains safe class and stage but strips raw error text (0.319292ms)
✔ live target receipt distinguishes absent, hidden, disabled, duplicate and renamed controls before teardown (1308.705292ms)
✔ live target receipt preserves the exact failed transport boundary without private messages (14.705333ms)
✔ target guard kills constant-success and skipped-disabled classification in memory (17.737375ms)
✔ Run waits for fresh exact host and enabled row without dispatching to a stale or unrelated page (432.267ms)
✔ semantic title guard kills title-only lookup and reversed native-title precedence in memory (879.848208ms)
✔ old default deadline is RED before actual capture timer and cleanup; derived deadline observes the actual result (236.277333ms)
✔ derived wait follows changed actual capture configuration and refuses a different recipe (38.318666ms)
✔ terminal wait guard detects constant success without observing the operation (22.586ms)
✔ budget derivation refuses unobservable caller settings instead of assuming the default (10.353125ms)
ℹ tests 21
ℹ suites 0
ℹ pass 21
ℹ fail 0
ℹ cancelled 0
ℹ skipped 0
ℹ todo 0
ℹ duration_ms 3511.408
{"schema":1,"at":"2026-10-07T09:19:28.222Z","runId":"d47-navigation-order-guarded-20261007","childExitCode":0,"childSignal":null,"code":"RESOURCE_JOB_EXIT"}
{"schema":1,"at":"2026-10-07T09:19:28.263Z","runId":"d47-navigation-order-guarded-20261007","admitted":true,"resourceInvalid":false,"exitCode":0,"decision":"valid","code":"RESOURCE_FINAL_DECISION"}
