{"schema":1,"at":"2026-10-07T05:32:49.423Z","runId":"d47guard_saved_dom_20261007","path":"/Volumes/Samsung2TB/code/matrx-extend/docs/stabilization/resource-journals/d47guard_saved_dom_20261007.pending.jsonl","code":"RESOURCE_JOURNAL_OPENED"}
{"schema":1,"at":"2026-10-07T05:33:56.649Z","runId":"d47guard_saved_dom_20261007","mode":"run","policySchema":1,"sample":{"pressureLevel":1,"availableMemoryGiB":11.84,"requiredMemoryGiB":4,"oneMinuteLoad":0.98,"logicalCpus":10,"cpuBusyFraction":0.10142857142857142,"swapUsedMiB":1951.38,"repoFreeGiB":1681.4526557922363,"profileFreeGiB":1681.4526557922363,"safetyFreeGiB":24.427814483642578,"systemFreeGiB":24.427814483642578},"cpuBusySamples":[0.09,0.06,0.06,0.09,0.07,0.16,0.18],"reasons":[],"swapWindowSeconds":60,"code":"RESOURCE_ADMITTED"}
✔ actual root preview is accepted while CSS uppercase defeats the old body innerText predicate but preserves exact source identity (2320.482834ms)
✔ a different or prefix-matching recipe does not certify the saved result (2.952625ms)
✔ a hidden header does not certify a stale preview (1.187834ms)
✔ the current row must be in the preview associated with the exact header (1.112583ms)
✔ a preview containing both current and old rows cannot certify the terminal result (1.324584ms)
✔ a current cell alongside any unexpected saved result cannot certify the terminal result (6.970917ms)
✔ a renamed result column cannot certify the saved recipe (1.069292ms)
✔ exact saved row remains nonterminal until its live Run control clears (9.661333ms)
✔ stale-only refusal requires the visible specific error, idle exact Run control, and no preview (4.95175ms)
ℹ tests 9
ℹ suites 0
ℹ pass 9
ℹ fail 0
ℹ cancelled 0
ℹ skipped 0
ℹ todo 0
ℹ duration_ms 2674.643916
{"schema":1,"at":"2026-10-07T05:33:59.425Z","runId":"d47guard_saved_dom_20261007","childExitCode":0,"childSignal":null,"code":"RESOURCE_JOB_EXIT"}
{"schema":1,"at":"2026-10-07T05:33:59.471Z","runId":"d47guard_saved_dom_20261007","admitted":true,"resourceInvalid":false,"exitCode":0,"decision":"valid","code":"RESOURCE_FINAL_DECISION"}
