{"schema":1,"at":"2026-10-07T05:29:59.813Z","runId":"d47guard_hosted_route_20261007","path":"/Volumes/Samsung2TB/code/matrx-extend/docs/stabilization/resource-journals/d47guard_hosted_route_20261007.pending.jsonl","code":"RESOURCE_JOURNAL_OPENED"}
{"schema":1,"at":"2026-10-07T05:31:07.030Z","runId":"d47guard_hosted_route_20261007","mode":"run","policySchema":1,"sample":{"pressureLevel":1,"availableMemoryGiB":11.68,"requiredMemoryGiB":4,"oneMinuteLoad":2.44,"logicalCpus":10,"cpuBusyFraction":0.17,"swapUsedMiB":1983.44,"repoFreeGiB":1681.4534339904785,"profileFreeGiB":1681.4534339904785,"safetyFreeGiB":24.44101333618164,"systemFreeGiB":24.44101333618164},"cpuBusySamples":[0.44,0.06,0.07,0.12,0.14,0.29,0.07],"reasons":[],"swapWindowSeconds":60,"code":"RESOURCE_ADMITTED"}
✔ hosted artifact upload preserves every routed showcase native receipt (1.655833ms)
✔ explicit stale case dispatches the native driver with opt-in and exact artifact identity (0.521583ms)
✔ ordinary case clears inherited stale opt-in and unrelated cases have no showcase route (0.053292ms)
✔ D47 route binds the exact CI development artifact to its own native result (0.045541ms)
✔ D47 route propagates only an explicit supported inverse order (0.369167ms)
✔ D47 stale-only route keeps the exact artifact and isolated native output (0.080375ms)
✔ public D47 route uses its own exact-artifact native receipt and never inherits fixture ordering (0.078458ms)
✔ stale route refuses wrong artifact identity before child dispatch (0.661917ms)
✔ stale preflight refuses missing approved fixture before resource admission (165.511833ms)
✔ approved stale preflight reaches credential-ready without resource or browser setup (76.222541ms)
✔ D47 preflight requires real admin credentials and device organization (152.413292ms)
ℹ tests 11
ℹ suites 0
ℹ pass 11
ℹ fail 0
ℹ cancelled 0
ℹ skipped 0
ℹ todo 0
ℹ duration_ms 466.0295
{"schema":1,"at":"2026-10-07T05:31:07.581Z","runId":"d47guard_hosted_route_20261007","childExitCode":0,"childSignal":null,"code":"RESOURCE_JOB_EXIT"}
{"schema":1,"at":"2026-10-07T05:31:07.623Z","runId":"d47guard_hosted_route_20261007","admitted":true,"resourceInvalid":false,"exitCode":0,"decision":"valid","code":"RESOURCE_FINAL_DECISION"}
