{"schema":1,"at":"2026-10-07T15:54:46.992Z","runId":"empty-surface-green-20261007-02","path":"/Volumes/Samsung2TB/code/matrx-extend/docs/stabilization/resource-journals/empty-surface-green-20261007-02.pending.jsonl","code":"RESOURCE_JOURNAL_OPENED"}
{"schema":1,"at":"2026-10-07T15:55:54.188Z","runId":"empty-surface-green-20261007-02","mode":"run","policySchema":1,"sample":{"pressureLevel":1,"availableMemoryGiB":12.48,"requiredMemoryGiB":4,"oneMinuteLoad":2.24,"logicalCpus":10,"cpuBusyFraction":0.01,"swapUsedMiB":2848.31,"repoFreeGiB":1680.0176239013672,"profileFreeGiB":1680.0176239013672,"safetyFreeGiB":22.870655059814453,"systemFreeGiB":22.870655059814453},"cpuBusySamples":[0.02,0,0.01,0.01,0.01,0.01,0.01],"reasons":[],"swapWindowSeconds":60,"code":"RESOURCE_ADMITTED"}
✔ Profile route passes exact CI artifact identity and extended admin mode to the native driver (1.31175ms)
✔ Profile route refuses absent or wrong case and non-CI evidence (0.76275ms)
✔ hosted Profile preflight refuses before credentials or runtime setup (166.48ms)
✔ Profile organization fixture requires a private approved name (0.136792ms)
✔ Showcase and Scrape admin routes require the approved fixture before browser setup (150.139208ms)
✔ hosted Profile stages an exclusive private organization fixture for the native driver (3.857375ms)
✔ every hosted Profile phase refuses before browser setup with valid private inputs (605.935708ms)
✔ other hosted acceptance still passes credential preflight without runtime setup (78.189458ms)
✔ non-Profile package and browser phases retain resource admission (147.324042ms)
✖ active Scrape, Data, and SEO tabs wait for their deferred visible controls (420.786791ms)
✔ present but empty visible surfaces cannot complete an otherwise clean census (0.921833ms)
✔ surface readiness timeout retains fixed safe stage, tab, and count facts (205.786875ms)
✔ known inventory labels map to source IDs while new visible controls stay explicit and private (0.514417ms)
✔ browser version failures expose fixed safe diagnostics without transport content (0.278625ms)
✔ backend mutation attempt is aborted without retaining URL or request body (0.191292ms)
✔ unknown labels, inaccessible regions, and intercepted RPCs each prevent completeness (0.191334ms)
✔ Settings census observes the actual OpenUrl anchor as C39 without emitting its href (2.033958ms)
✔ unknown DOM labels use a fresh keyed fingerprint without raw text or correlation (3.971458ms)
✔ Settings census links only exact source-rendered row labels to observed controls (3.571917ms)
✔ Desktop bridge census links each input and button only to its exact static row (4.201459ms)
✔ direct census invocation refuses before browser or credentials without resource guard (86.66775ms)
✔ hosted census role preflight requires real auth only for member and admin (0.222125ms)
✔ discovery retains untitled and alternate tab shapes but only permits mapped native triggers (2.607ms)
✔ census distinguishes structural containers and actions from unopened regions with safe provenance (2.189084ms)
✔ discovery retains summary, non-button expanders and unclassified section controls (2.046208ms)
✔ Settings section readiness uses its active panel while retaining unknown section triggers (1.561667ms)
✔ Settings readiness refuses an inactive panel or duplicate Account expanders inside it (2.138125ms)
✔ guest evidence requires observed signed-out account and absent credentials (1.189166ms)
✔ guest observation refuses every contradictory or missing auth signal without leaking identity (7.349958ms)
✔ discovery contract detects an in-memory narrowed selector and constant-result replacement (4.137333ms)
✔ guest contract detects a constant signed-out replacement (3.686208ms)
✔ guest capture frames Account after signed-out proof and restricts an existing screenshot (3.39ms)
✔ guest screenshot failures retain stage and last safe observations without payloads (1.466792ms)
✔ guest screenshot refuses capture when Account remains outside the viewport (0.956958ms)
✔ guest screenshot refuses a one-pixel Account header or Sign in sliver (1.747709ms)
ℹ tests 35
ℹ suites 0
ℹ pass 34
ℹ fail 1
ℹ cancelled 0
ℹ skipped 0
ℹ todo 0
ℹ duration_ms 1222.801

✖ failing tests:

test at tests/browser/takeover-visible-census.test.mjs:24:1
✖ active Scrape, Data, and SEO tabs wait for their deferred visible controls (420.786791ms)
  AssertionError [ERR_ASSERTION]: Expected values to be strictly equal:
  + actual - expected
  
  + undefined
  - 'Pick fields on this page'
  
      at TestContext.<anonymous> (file:///Volumes/Samsung2TB/code/matrx-extend/tests/browser/takeover-visible-census.test.mjs:48:12)
      at async Test.run (node:internal/test_runner/test:1125:7)
      at async startSubtestAfterBootstrap (node:internal/test_runner/harness:358:3) {
    generatedMessage: true,
    code: 'ERR_ASSERTION',
    actual: undefined,
    expected: 'Pick fields on this page',
    operator: 'strictEqual',
    diff: 'simple'
  }
{"schema":1,"at":"2026-10-07T15:55:55.501Z","runId":"empty-surface-green-20261007-02","childExitCode":1,"childSignal":null,"code":"RESOURCE_JOB_EXIT"}
{"schema":1,"at":"2026-10-07T15:55:55.538Z","runId":"empty-surface-green-20261007-02","admitted":true,"resourceInvalid":false,"exitCode":1,"decision":"child_failed","code":"RESOURCE_FINAL_DECISION"}
