{"schema":1,"at":"2026-10-07T16:15:35.197Z","runId":"empty-surface-omission-green-20261007-01","path":"/Volumes/Samsung2TB/code/matrx-extend/docs/stabilization/resource-journals/empty-surface-omission-green-20261007-01.pending.jsonl","code":"RESOURCE_JOURNAL_OPENED"}
{"schema":1,"at":"2026-10-07T16:16:42.413Z","runId":"empty-surface-omission-green-20261007-01","mode":"run","policySchema":1,"sample":{"pressureLevel":1,"availableMemoryGiB":11.36,"requiredMemoryGiB":4,"oneMinuteLoad":3.92,"logicalCpus":10,"cpuBusyFraction":0.24285714285714285,"swapUsedMiB":2432.25,"repoFreeGiB":1680.0124740600586,"profileFreeGiB":1680.0124740600586,"safetyFreeGiB":22.76329803466797,"systemFreeGiB":22.76329803466797},"cpuBusySamples":[0.33,0.26,0.22,0.2,0.25,0.21,0.23],"reasons":[],"swapWindowSeconds":60,"code":"RESOURCE_ADMITTED"}
✔ Profile route passes exact CI artifact identity and extended admin mode to the native driver (1.456958ms)
✔ Profile route refuses absent or wrong case and non-CI evidence (0.796792ms)
✔ hosted Profile preflight refuses before credentials or runtime setup (187.854ms)
✔ Profile organization fixture requires a private approved name (0.17575ms)
✔ Showcase and Scrape admin routes require the approved fixture before browser setup (165.497291ms)
✔ hosted Profile stages an exclusive private organization fixture for the native driver (4.177083ms)
✔ every hosted Profile phase refuses before browser setup with valid private inputs (690.156542ms)
✔ other hosted acceptance still passes credential preflight without runtime setup (88.381458ms)
✔ non-Profile package and browser phases retain resource admission (166.546667ms)
✔ active Scrape, Data, and SEO tabs wait for their deferred visible controls (631.06575ms)
✔ present but empty visible surfaces cannot complete an otherwise clean census (0.877042ms)
✔ every role requires Scrape, Data, and SEO navigation even with populated surface buckets (1.036125ms)
✔ surface readiness timeout retains fixed safe stage, tab, and count facts (205.216208ms)
✔ known inventory labels map to source IDs while new visible controls stay explicit and private (0.704625ms)
✔ browser version failures expose fixed safe diagnostics without transport content (0.300458ms)
✔ backend mutation attempt is aborted without retaining URL or request body (0.204416ms)
✔ unknown labels, inaccessible regions, and intercepted RPCs each prevent completeness (0.183ms)
✔ Settings census observes the actual OpenUrl anchor as C39 without emitting its href (2.521209ms)
✔ unknown DOM labels use a fresh keyed fingerprint without raw text or correlation (3.146584ms)
✔ Settings census links only exact source-rendered row labels to observed controls (3.725541ms)
✔ Desktop bridge census links each input and button only to its exact static row (2.698959ms)
✔ direct census invocation refuses before browser or credentials without resource guard (94.927709ms)
✔ hosted census role preflight requires real auth only for member and admin (0.258ms)
✔ discovery retains untitled and alternate tab shapes but only permits mapped native triggers (2.967166ms)
✔ census distinguishes structural containers and actions from unopened regions with safe provenance (2.437708ms)
✔ discovery retains summary, non-button expanders and unclassified section controls (1.972375ms)
✔ Settings section readiness uses its active panel while retaining unknown section triggers (1.979625ms)
✔ Settings readiness refuses an inactive panel or duplicate Account expanders inside it (3.099333ms)
✔ guest evidence requires observed signed-out account and absent credentials (1.365667ms)
✔ guest observation refuses every contradictory or missing auth signal without leaking identity (9.280917ms)
✔ discovery contract detects an in-memory narrowed selector and constant-result replacement (6.38525ms)
✔ guest contract detects a constant signed-out replacement (6.302958ms)
✔ guest capture frames Account after signed-out proof and restricts an existing screenshot (3.90175ms)
✔ guest screenshot failures retain stage and last safe observations without payloads (1.620959ms)
✔ guest screenshot refuses capture when Account remains outside the viewport (0.937333ms)
✔ guest screenshot refuses a one-pixel Account header or Sign in sliver (1.905084ms)
ℹ tests 36
ℹ suites 0
ℹ pass 36
ℹ fail 0
ℹ cancelled 0
ℹ skipped 0
ℹ todo 0
ℹ duration_ms 1382.430708
{"schema":1,"at":"2026-10-07T16:16:43.857Z","runId":"empty-surface-omission-green-20261007-01","childExitCode":0,"childSignal":null,"code":"RESOURCE_JOB_EXIT"}
{"schema":1,"at":"2026-10-07T16:16:43.902Z","runId":"empty-surface-omission-green-20261007-01","admitted":true,"resourceInvalid":false,"exitCode":0,"decision":"valid","code":"RESOURCE_FINAL_DECISION"}
