{"schema":1,"at":"2026-10-07T15:53:16.091Z","runId":"empty-surface-green-20261007-01","path":"/Volumes/Samsung2TB/code/matrx-extend/docs/stabilization/resource-journals/empty-surface-green-20261007-01.pending.jsonl","code":"RESOURCE_JOURNAL_OPENED"}
{"schema":1,"at":"2026-10-07T15:54:23.293Z","runId":"empty-surface-green-20261007-01","mode":"run","policySchema":1,"sample":{"pressureLevel":1,"availableMemoryGiB":12.48,"requiredMemoryGiB":4,"oneMinuteLoad":1.9700000000000002,"logicalCpus":10,"cpuBusyFraction":0.04571428571428572,"swapUsedMiB":2848.31,"repoFreeGiB":1680.0175666809082,"profileFreeGiB":1680.0175666809082,"safetyFreeGiB":22.863994598388672,"systemFreeGiB":22.863994598388672},"cpuBusySamples":[0.08,0.01,0.01,0.17,0.02,0.01,0.02],"reasons":[],"swapWindowSeconds":60,"code":"RESOURCE_ADMITTED"}
✔ Profile route passes exact CI artifact identity and extended admin mode to the native driver (1.526375ms)
✔ Profile route refuses absent or wrong case and non-CI evidence (0.755834ms)
✔ hosted Profile preflight refuses before credentials or runtime setup (175.741333ms)
✔ Profile organization fixture requires a private approved name (0.167ms)
✔ Showcase and Scrape admin routes require the approved fixture before browser setup (150.5725ms)
✔ hosted Profile stages an exclusive private organization fixture for the native driver (3.883834ms)
✔ every hosted Profile phase refuses before browser setup with valid private inputs (599.952875ms)
✔ other hosted acceptance still passes credential preflight without runtime setup (72.959458ms)
✔ non-Profile package and browser phases retain resource admission (149.770791ms)
✖ active Scrape, Data, and SEO tabs wait for their deferred visible controls (215.321209ms)
✔ present but empty visible surfaces cannot complete an otherwise clean census (1.315875ms)
✖ surface readiness timeout retains fixed safe stage, tab, and count facts (207.588541ms)
✔ known inventory labels map to source IDs while new visible controls stay explicit and private (0.556417ms)
✔ browser version failures expose fixed safe diagnostics without transport content (0.326667ms)
✔ backend mutation attempt is aborted without retaining URL or request body (0.190792ms)
✔ unknown labels, inaccessible regions, and intercepted RPCs each prevent completeness (0.21075ms)
✔ Settings census observes the actual OpenUrl anchor as C39 without emitting its href (2.227083ms)
✔ unknown DOM labels use a fresh keyed fingerprint without raw text or correlation (3.119ms)
✔ Settings census links only exact source-rendered row labels to observed controls (4.806292ms)
✔ Desktop bridge census links each input and button only to its exact static row (2.571167ms)
✔ direct census invocation refuses before browser or credentials without resource guard (89.509167ms)
✔ hosted census role preflight requires real auth only for member and admin (0.219917ms)
✔ discovery retains untitled and alternate tab shapes but only permits mapped native triggers (4.113084ms)
✔ census distinguishes structural containers and actions from unopened regions with safe provenance (2.198709ms)
✔ discovery retains summary, non-button expanders and unclassified section controls (1.982209ms)
✔ Settings section readiness uses its active panel while retaining unknown section triggers (1.777916ms)
✔ Settings readiness refuses an inactive panel or duplicate Account expanders inside it (1.815083ms)
✔ guest evidence requires observed signed-out account and absent credentials (1.109875ms)
✔ guest observation refuses every contradictory or missing auth signal without leaking identity (7.570958ms)
✔ discovery contract detects an in-memory narrowed selector and constant-result replacement (4.299542ms)
✔ guest contract detects a constant signed-out replacement (3.663334ms)
✔ guest capture frames Account after signed-out proof and restricts an existing screenshot (4.7445ms)
✔ guest screenshot failures retain stage and last safe observations without payloads (1.5615ms)
✔ guest screenshot refuses capture when Account remains outside the viewport (0.872625ms)
✔ guest screenshot refuses a one-pixel Account header or Sign in sliver (1.627541ms)
ℹ tests 35
ℹ suites 0
ℹ pass 33
ℹ fail 2
ℹ cancelled 0
ℹ skipped 0
ℹ todo 0
ℹ duration_ms 1224.98675

✖ failing tests:

test at tests/browser/takeover-visible-census.test.mjs:24:1
✖ active Scrape, Data, and SEO tabs wait for their deferred visible controls (215.321209ms)
  AssertionError [ERR_ASSERTION]: Expected values to be strictly equal:
  
  false !== true
  
      at TestContext.<anonymous> (file:///Volumes/Samsung2TB/code/matrx-extend/tests/browser/takeover-visible-census.test.mjs:44:12)
      at async Test.run (node:internal/test_runner/test:1125:7)
      at async startSubtestAfterBootstrap (node:internal/test_runner/harness:358:3) {
    generatedMessage: true,
    code: 'ERR_ASSERTION',
    actual: false,
    expected: true,
    operator: 'strictEqual',
    diff: 'simple'
  }

test at tests/browser/takeover-visible-census.test.mjs:70:1
✖ surface readiness timeout retains fixed safe stage, tab, and count facts (207.588541ms)
  AssertionError [ERR_ASSERTION]: Values have same structure but are not reference-equal:
  
  []
  
      at TestContext.<anonymous> (file:///Volumes/Samsung2TB/code/matrx-extend/tests/browser/takeover-visible-census.test.mjs:75:10)
      at async Test.run (node:internal/test_runner/test:1125:7)
      at async Test.processPendingSubtests (node:internal/test_runner/test:787:7) {
    generatedMessage: true,
    code: 'ERR_ASSERTION',
    actual: [],
    expected: [],
    operator: 'deepStrictEqual',
    diff: 'simple'
  }
{"schema":1,"at":"2026-10-07T15:54:24.608Z","runId":"empty-surface-green-20261007-01","childExitCode":1,"childSignal":null,"code":"RESOURCE_JOB_EXIT"}
{"schema":1,"at":"2026-10-07T15:54:24.648Z","runId":"empty-surface-green-20261007-01","admitted":true,"resourceInvalid":false,"exitCode":1,"decision":"child_failed","code":"RESOURCE_FINAL_DECISION"}
