{"schema":1,"at":"2026-10-07T14:15:26.385Z","runId":"census-provenance-decomposed-green-20261007-01","path":"/Volumes/Samsung2TB/code/matrx-extend/docs/stabilization/resource-journals/census-provenance-decomposed-green-20261007-01.pending.jsonl","code":"RESOURCE_JOURNAL_OPENED"}
{"schema":1,"at":"2026-10-07T14:16:33.576Z","runId":"census-provenance-decomposed-green-20261007-01","mode":"run","policySchema":1,"sample":{"pressureLevel":1,"availableMemoryGiB":11.2,"requiredMemoryGiB":4,"oneMinuteLoad":3.34,"logicalCpus":10,"cpuBusyFraction":0.06285714285714286,"swapUsedMiB":2394.19,"repoFreeGiB":1680.2253303527832,"profileFreeGiB":1680.2253303527832,"safetyFreeGiB":23.027645111083984,"systemFreeGiB":23.027645111083984},"cpuBusySamples":[0.06,0.05,0.1,0.06,0.08,0.08,0.01],"reasons":[],"swapWindowSeconds":60,"code":"RESOURCE_ADMITTED"}
✔ Profile route passes exact CI artifact identity and extended admin mode to the native driver (1.452958ms)
✔ Profile route refuses absent or wrong case and non-CI evidence (0.75175ms)
✔ hosted Profile preflight refuses before credentials or runtime setup (174.670458ms)
✔ Profile organization fixture requires a private approved name (0.167625ms)
✔ Showcase and Scrape admin routes require the approved fixture before browser setup (160.576709ms)
✔ hosted Profile stages an exclusive private organization fixture for the native driver (4.25875ms)
✔ every hosted Profile phase refuses before browser setup with valid private inputs (591.167ms)
✔ other hosted acceptance still passes credential preflight without runtime setup (72.953208ms)
✔ non-Profile package and browser phases retain resource admission (148.302334ms)
✔ known inventory labels map to source IDs while new visible controls stay explicit and private (1.678209ms)
✔ backend mutation attempt is aborted without retaining URL or request body (0.172625ms)
✔ unknown labels, inaccessible regions, and intercepted RPCs each prevent completeness (0.240083ms)
✔ Settings census observes the actual OpenUrl anchor as C39 without emitting its href (8.581041ms)
✔ unknown DOM labels use a fresh keyed fingerprint without raw text or correlation (4.62975ms)
✔ direct census invocation refuses before browser or credentials without resource guard (89.077666ms)
✔ hosted census role preflight requires real auth only for member and admin (0.24275ms)
✔ discovery retains untitled and alternate tab shapes but only permits mapped native triggers (3.338459ms)
✔ census distinguishes structural containers and actions from unopened regions with safe provenance (2.686916ms)
✔ discovery retains summary, non-button expanders and unclassified section controls (1.991917ms)
✔ Settings section readiness uses its active panel while retaining unknown section triggers (1.696292ms)
✔ Settings readiness refuses an inactive panel or duplicate Account expanders inside it (2.142458ms)
✔ guest evidence requires observed signed-out account and absent credentials (1.349417ms)
✔ guest observation refuses every contradictory or missing auth signal without leaking identity (11.314209ms)
✔ discovery contract detects an in-memory narrowed selector and constant-result replacement (4.892333ms)
✔ guest contract detects a constant signed-out replacement (3.714542ms)
ℹ tests 25
ℹ suites 0
ℹ pass 25
ℹ fail 0
ℹ cancelled 0
ℹ skipped 0
ℹ todo 0
ℹ duration_ms 1225.951292
{"schema":1,"at":"2026-10-07T14:16:34.896Z","runId":"census-provenance-decomposed-green-20261007-01","childExitCode":0,"childSignal":null,"code":"RESOURCE_JOB_EXIT"}
{"schema":1,"at":"2026-10-07T14:16:34.939Z","runId":"census-provenance-decomposed-green-20261007-01","admitted":true,"resourceInvalid":false,"exitCode":0,"decision":"valid","code":"RESOURCE_FINAL_DECISION"}
