{"schema":1,"at":"2026-10-07T14:13:28.708Z","runId":"census-provenance-decomposed-red-20261007-01","path":"/Volumes/Samsung2TB/code/matrx-extend/docs/stabilization/resource-journals/census-provenance-decomposed-red-20261007-01.pending.jsonl","code":"RESOURCE_JOURNAL_OPENED"}
{"schema":1,"at":"2026-10-07T14:14:35.919Z","runId":"census-provenance-decomposed-red-20261007-01","mode":"run","policySchema":1,"sample":{"pressureLevel":1,"availableMemoryGiB":10.88,"requiredMemoryGiB":4,"oneMinuteLoad":3.3999999999999995,"logicalCpus":10,"cpuBusyFraction":0.21285714285714288,"swapUsedMiB":2394.19,"repoFreeGiB":1680.2485694885254,"profileFreeGiB":1680.2485694885254,"safetyFreeGiB":23.037410736083984,"systemFreeGiB":23.037410736083984},"cpuBusySamples":[0.16,0.15,0.17,0.46,0.14,0.3,0.11],"reasons":[],"swapWindowSeconds":60,"code":"RESOURCE_ADMITTED"}
✔ Profile route passes exact CI artifact identity and extended admin mode to the native driver (1.418959ms)
✔ Profile route refuses absent or wrong case and non-CI evidence (0.756042ms)
✔ hosted Profile preflight refuses before credentials or runtime setup (174.683458ms)
✔ Profile organization fixture requires a private approved name (0.169042ms)
✔ Showcase and Scrape admin routes require the approved fixture before browser setup (170.022875ms)
✔ hosted Profile stages an exclusive private organization fixture for the native driver (4.096917ms)
✔ every hosted Profile phase refuses before browser setup with valid private inputs (624.198542ms)
✔ other hosted acceptance still passes credential preflight without runtime setup (78.252875ms)
✔ non-Profile package and browser phases retain resource admission (156.090333ms)
✔ known inventory labels map to source IDs while new visible controls stay explicit and private (1.707375ms)
✔ backend mutation attempt is aborted without retaining URL or request body (0.185625ms)
✔ unknown labels, inaccessible regions, and intercepted RPCs each prevent completeness (0.257833ms)
✔ Settings census observes the actual OpenUrl anchor as C39 without emitting its href (9.097042ms)
✔ unknown DOM labels use a fresh keyed fingerprint without raw text or correlation (4.714833ms)
✔ direct census invocation refuses before browser or credentials without resource guard (92.171666ms)
✔ hosted census role preflight requires real auth only for member and admin (0.214416ms)
✔ discovery retains untitled and alternate tab shapes but only permits mapped native triggers (3.89625ms)
✖ census distinguishes structural containers and actions from unopened regions with safe provenance (3.081833ms)
✔ discovery retains summary, non-button expanders and unclassified section controls (2.846375ms)
✔ Settings section readiness uses its active panel while retaining unknown section triggers (1.849959ms)
✔ Settings readiness refuses an inactive panel or duplicate Account expanders inside it (2.319583ms)
✔ guest evidence requires observed signed-out account and absent credentials (1.401667ms)
✔ guest observation refuses every contradictory or missing auth signal without leaking identity (11.091042ms)
✔ discovery contract detects an in-memory narrowed selector and constant-result replacement (5.507834ms)
✔ guest contract detects a constant signed-out replacement (4.738417ms)
ℹ tests 25
ℹ suites 0
ℹ pass 24
ℹ fail 1
ℹ cancelled 0
ℹ skipped 0
ℹ todo 0
ℹ duration_ms 1286.659791

✖ failing tests:

test at tests/browser/takeover-visible-census.test.mjs:280:1
✖ census distinguishes structural containers and actions from unopened regions with safe provenance (3.081833ms)
  AssertionError [ERR_ASSERTION]: a structural parent must not make its real Settings tab ambiguous
  
  false !== true
  
      at TestContext.<anonymous> (file:///Volumes/Samsung2TB/code/matrx-extend/tests/browser/takeover-visible-census.test.mjs:289:10)
      at async Test.run (node:internal/test_runner/test:1125:7)
      at async Test.processPendingSubtests (node:internal/test_runner/test:787:7) {
    generatedMessage: false,
    code: 'ERR_ASSERTION',
    actual: false,
    expected: true,
    operator: 'strictEqual',
    diff: 'simple'
  }
{"schema":1,"at":"2026-10-07T14:14:37.301Z","runId":"census-provenance-decomposed-red-20261007-01","childExitCode":1,"childSignal":null,"code":"RESOURCE_JOB_EXIT"}
{"schema":1,"at":"2026-10-07T14:14:37.342Z","runId":"census-provenance-decomposed-red-20261007-01","admitted":true,"resourceInvalid":false,"exitCode":1,"decision":"child_failed","code":"RESOURCE_FINAL_DECISION"}
