{"schema":1,"at":"2026-10-07T14:19:55.870Z","runId":"guest-census-provenance-peer-20261007-01","path":"/Volumes/Samsung2TB/code/matrx-extend/docs/stabilization/resource-journals/guest-census-provenance-peer-20261007-01.pending.jsonl","code":"RESOURCE_JOURNAL_OPENED"}
{"schema":1,"at":"2026-10-07T14:21:03.061Z","runId":"guest-census-provenance-peer-20261007-01","mode":"run","policySchema":1,"sample":{"pressureLevel":1,"availableMemoryGiB":10.88,"requiredMemoryGiB":4,"oneMinuteLoad":3.5199999999999996,"logicalCpus":10,"cpuBusyFraction":0.15714285714285717,"swapUsedMiB":2394.19,"repoFreeGiB":1680.1254577636719,"profileFreeGiB":1680.1254577636719,"safetyFreeGiB":23.024383544921875,"systemFreeGiB":23.024383544921875},"cpuBusySamples":[0.06,0.05,0.04,0.01,0.11,0.7,0.13],"reasons":[],"swapWindowSeconds":60,"code":"RESOURCE_ADMITTED"}
✔ Profile route passes exact CI artifact identity and extended admin mode to the native driver (1.388334ms)
✔ Profile route refuses absent or wrong case and non-CI evidence (0.765125ms)
✔ hosted Profile preflight refuses before credentials or runtime setup (179.230208ms)
✔ Profile organization fixture requires a private approved name (0.162458ms)
✔ Showcase and Scrape admin routes require the approved fixture before browser setup (170.65125ms)
✔ hosted Profile stages an exclusive private organization fixture for the native driver (4.06575ms)
✔ every hosted Profile phase refuses before browser setup with valid private inputs (656.345542ms)
✔ other hosted acceptance still passes credential preflight without runtime setup (81.569708ms)
✔ non-Profile package and browser phases retain resource admission (163.203542ms)
✔ known inventory labels map to source IDs while new visible controls stay explicit and private (1.781834ms)
✔ backend mutation attempt is aborted without retaining URL or request body (0.190708ms)
✔ unknown labels, inaccessible regions, and intercepted RPCs each prevent completeness (0.257333ms)
✔ Settings census observes the actual OpenUrl anchor as C39 without emitting its href (9.373833ms)
✔ unknown DOM labels use a fresh keyed fingerprint without raw text or correlation (5.15ms)
✔ direct census invocation refuses before browser or credentials without resource guard (95.312083ms)
✔ hosted census role preflight requires real auth only for member and admin (0.240375ms)
✔ discovery retains untitled and alternate tab shapes but only permits mapped native triggers (4.825375ms)
✔ census distinguishes structural containers and actions from unopened regions with safe provenance (2.546292ms)
✔ discovery retains summary, non-button expanders and unclassified section controls (2.264541ms)
✔ Settings section readiness uses its active panel while retaining unknown section triggers (2.021292ms)
✔ Settings readiness refuses an inactive panel or duplicate Account expanders inside it (2.585584ms)
✔ guest evidence requires observed signed-out account and absent credentials (1.590792ms)
✔ guest observation refuses every contradictory or missing auth signal without leaking identity (9.114ms)
✔ discovery contract detects an in-memory narrowed selector and constant-result replacement (5.172083ms)
✔ guest contract detects a constant signed-out replacement (4.0825ms)
ℹ tests 25
ℹ suites 0
ℹ pass 25
ℹ fail 0
ℹ cancelled 0
ℹ skipped 0
ℹ todo 0
ℹ duration_ms 1333.087583
{"schema":1,"at":"2026-10-07T14:21:04.467Z","runId":"guest-census-provenance-peer-20261007-01","childExitCode":0,"childSignal":null,"code":"RESOURCE_JOB_EXIT"}
{"schema":1,"at":"2026-10-07T14:21:04.518Z","runId":"guest-census-provenance-peer-20261007-01","admitted":true,"resourceInvalid":false,"exitCode":0,"decision":"valid","code":"RESOURCE_FINAL_DECISION"}
