{"schema":1,"at":"2026-10-07T17:18:37.422Z","runId":"nonchat-scrape-census-red-20261007-01","path":"/Volumes/Samsung2TB/code/matrx-extend/docs/stabilization/resource-journals/nonchat-scrape-census-red-20261007-01.pending.jsonl","code":"RESOURCE_JOURNAL_OPENED"}
{"schema":1,"at":"2026-10-07T17:19:44.602Z","runId":"nonchat-scrape-census-red-20261007-01","mode":"run","policySchema":1,"sample":{"pressureLevel":1,"availableMemoryGiB":10.72,"requiredMemoryGiB":4,"oneMinuteLoad":1.44,"logicalCpus":10,"cpuBusyFraction":0.03571428571428571,"swapUsedMiB":1942.94,"repoFreeGiB":1679.9892959594727,"profileFreeGiB":1679.9892959594727,"safetyFreeGiB":23.686290740966797,"systemFreeGiB":23.686290740966797},"cpuBusySamples":[0.03,0.03,0.02,0.04,0.07,0.01,0.05],"reasons":[],"swapWindowSeconds":60,"code":"RESOURCE_ADMITTED"}
✔ Profile route passes exact CI artifact identity and extended admin mode to the native driver (1.534917ms)
✔ Profile route refuses absent or wrong case and non-CI evidence (0.790917ms)
✔ hosted Profile preflight refuses before credentials or runtime setup (168.151ms)
✔ Profile organization fixture requires a private approved name (0.160958ms)
✔ Showcase and Scrape admin routes require the approved fixture before browser setup (152.987333ms)
✔ hosted Profile stages an exclusive private organization fixture for the native driver (4.286542ms)
✔ every hosted Profile phase refuses before browser setup with valid private inputs (599.22675ms)
✔ other hosted acceptance still passes credential preflight without runtime setup (74.530542ms)
✔ non-Profile package and browser phases retain resource admission (156.853959ms)
✔ active Scrape, Data, and SEO tabs wait for their deferred visible controls (630.631584ms)
✖ Scrape source-owned button titles map only in their tab with one observed node each (413.776584ms)
✔ present but empty visible surfaces cannot complete an otherwise clean census (0.514292ms)
✔ every role requires Scrape, Data, and SEO navigation even with populated surface buckets (1.016917ms)
✔ surface readiness timeout retains fixed safe stage, tab, and count facts (205.573458ms)
✔ known inventory labels map to source IDs while new visible controls stay explicit and private (0.427583ms)
✔ source-reviewed Settings rows map each observed node without revealing selected values (0.158333ms)
✔ Settings row mapping leaves changed, cross-section, wrong-kind and duplicate evidence unknown (0.080042ms)
✔ browser version failures expose fixed safe diagnostics without transport content (0.303292ms)
✔ backend mutation attempt is aborted without retaining URL or request body (0.231333ms)
✔ unknown labels, inaccessible regions, and intercepted RPCs each prevent completeness (0.191125ms)
✔ Settings census observes the actual OpenUrl anchor as C39 without emitting its href (1.964125ms)
✔ unknown DOM labels use a fresh keyed fingerprint without raw text or correlation (2.504209ms)
✔ Settings census links only exact source-rendered row labels to observed controls (2.929125ms)
✔ Desktop bridge census links each input and button only to its exact static row (2.339625ms)
✔ direct census invocation refuses before browser or credentials without resource guard (86.797291ms)
✔ hosted census role preflight requires real auth only for member and admin (0.258291ms)
✔ discovery retains untitled and alternate tab shapes but only permits mapped native triggers (2.871417ms)
✔ census distinguishes structural containers and actions from unopened regions with safe provenance (2.237042ms)
✔ discovery retains summary, non-button expanders and unclassified section controls (2.163708ms)
✔ Settings section readiness uses its active panel while retaining unknown section triggers (1.640459ms)
✔ Settings readiness refuses an inactive panel or duplicate Account expanders inside it (2.038333ms)
✔ guest evidence requires observed signed-out account and absent credentials (1.088209ms)
✔ guest observation refuses every contradictory or missing auth signal without leaking identity (9.077917ms)
✔ discovery contract detects an in-memory narrowed selector and constant-result replacement (5.697875ms)
✔ guest contract detects a constant signed-out replacement (5.341083ms)
✔ guest capture frames Account after signed-out proof and restricts an existing screenshot (6.2935ms)
✔ guest screenshot failures retain stage and last safe observations without payloads (1.536834ms)
✔ guest screenshot refuses capture when Account remains outside the viewport (0.878083ms)
✔ guest screenshot refuses a one-pixel Account header or Sign in sliver (1.470542ms)
ℹ tests 39
ℹ suites 0
ℹ pass 38
ℹ fail 1
ℹ cancelled 0
ℹ skipped 0
ℹ todo 0
ℹ duration_ms 1669.260584

✖ failing tests:

test at tests/browser/takeover-visible-census.test.mjs:53:1
✖ Scrape source-owned button titles map only in their tab with one observed node each (413.776584ms)
  AssertionError [ERR_ASSERTION]: Expected values to be strictly deep-equal:
  + actual - expected

  + []
  - [
  -   'EXT-F-1007-C19',
  -   'EXT-F-1007-C01',
  -   'EXT-F-1007-C02'
  - ]

      at TestContext.<anonymous> (file:///Volumes/Samsung2TB/code/matrx-extend/tests/browser/takeover-visible-census.test.mjs:71:10)
      at async Test.run (node:internal/test_runner/test:1125:7)
      at async Test.processPendingSubtests (node:internal/test_runner/test:787:7) {
    generatedMessage: true,
    code: 'ERR_ASSERTION',
    actual: [],
    expected: [ 'EXT-F-1007-C19', 'EXT-F-1007-C01', 'EXT-F-1007-C02' ],
    operator: 'deepStrictEqual',
    diff: 'simple'
  }
{"schema":1,"at":"2026-10-07T17:19:46.368Z","runId":"nonchat-scrape-census-red-20261007-01","childExitCode":1,"childSignal":null,"code":"RESOURCE_JOB_EXIT"}
{"schema":1,"at":"2026-10-07T17:19:46.413Z","runId":"nonchat-scrape-census-red-20261007-01","admitted":true,"resourceInvalid":false,"exitCode":1,"decision":"child_failed","code":"RESOURCE_FINAL_DECISION"}
