{"schema":1,"at":"2026-10-07T17:22:25.697Z","runId":"nonchat-scrape-census-final-20261007-01","path":"/Volumes/Samsung2TB/code/matrx-extend/docs/stabilization/resource-journals/nonchat-scrape-census-final-20261007-01.pending.jsonl","code":"RESOURCE_JOURNAL_OPENED"}
{"schema":1,"at":"2026-10-07T17:23:32.881Z","runId":"nonchat-scrape-census-final-20261007-01","mode":"run","policySchema":1,"sample":{"pressureLevel":1,"availableMemoryGiB":10.56,"requiredMemoryGiB":4,"oneMinuteLoad":1.65,"logicalCpus":10,"cpuBusyFraction":0.0942857142857143,"swapUsedMiB":1942.94,"repoFreeGiB":1679.9851150512695,"profileFreeGiB":1679.9851150512695,"safetyFreeGiB":23.70513916015625,"systemFreeGiB":23.70513916015625},"cpuBusySamples":[0.08,0.25,0.06,0.15,0.07,0.03,0.02],"reasons":[],"swapWindowSeconds":60,"code":"RESOURCE_ADMITTED"}
✔ Profile route passes exact CI artifact identity and extended admin mode to the native driver (1.280417ms)
✔ Profile route refuses absent or wrong case and non-CI evidence (0.865875ms)
✔ hosted Profile preflight refuses before credentials or runtime setup (172.185166ms)
✔ Profile organization fixture requires a private approved name (0.151583ms)
✔ Showcase and Scrape admin routes require the approved fixture before browser setup (155.352916ms)
✔ hosted Profile stages an exclusive private organization fixture for the native driver (4.729167ms)
✔ every hosted Profile phase refuses before browser setup with valid private inputs (594.153083ms)
✔ other hosted acceptance still passes credential preflight without runtime setup (74.876375ms)
✔ non-Profile package and browser phases retain resource admission (149.601209ms)
✔ active Scrape, Data, and SEO tabs wait for their deferred visible controls (629.158666ms)
✔ Scrape source-owned button titles map only in their tab with one observed node each (416.925625ms)
✔ present but empty visible surfaces cannot complete an otherwise clean census (0.321791ms)
✔ every role requires Scrape, Data, and SEO navigation even with populated surface buckets (1.668833ms)
✔ surface readiness timeout retains fixed safe stage, tab, and count facts (207.334334ms)
✔ known inventory labels map to source IDs while new visible controls stay explicit and private (1.461917ms)
✔ source-reviewed Settings rows map each observed node without revealing selected values (0.293417ms)
✔ Settings row mapping leaves changed, cross-section, wrong-kind and duplicate evidence unknown (0.146833ms)
✔ browser version failures expose fixed safe diagnostics without transport content (0.66675ms)
✔ backend mutation attempt is aborted without retaining URL or request body (0.489042ms)
✔ unknown labels, inaccessible regions, and intercepted RPCs each prevent completeness (0.400875ms)
✔ Settings census observes the actual OpenUrl anchor as C39 without emitting its href (3.757959ms)
✔ unknown DOM labels use a fresh keyed fingerprint without raw text or correlation (4.848625ms)
✔ Settings census links only exact source-rendered row labels to observed controls (4.517291ms)
✔ Desktop bridge census links each input and button only to its exact static row (3.391167ms)
✔ direct census invocation refuses before browser or credentials without resource guard (97.060042ms)
✔ hosted census role preflight requires real auth only for member and admin (0.20625ms)
✔ discovery retains untitled and alternate tab shapes but only permits mapped native triggers (2.399667ms)
✔ census distinguishes structural containers and actions from unopened regions with safe provenance (2.094792ms)
✔ discovery retains summary, non-button expanders and unclassified section controls (1.840167ms)
✔ Settings section readiness uses its active panel while retaining unknown section triggers (1.516625ms)
✔ Settings readiness refuses an inactive panel or duplicate Account expanders inside it (1.900208ms)
✔ guest evidence requires observed signed-out account and absent credentials (0.97025ms)
✔ guest observation refuses every contradictory or missing auth signal without leaking identity (7.458709ms)
✔ discovery contract detects an in-memory narrowed selector and constant-result replacement (4.415292ms)
✔ guest contract detects a constant signed-out replacement (3.836666ms)
✔ guest capture frames Account after signed-out proof and restricts an existing screenshot (3.444417ms)
✔ guest screenshot failures retain stage and last safe observations without payloads (1.536ms)
✔ guest screenshot refuses capture when Account remains outside the viewport (0.889125ms)
✔ guest screenshot refuses a one-pixel Account header or Sign in sliver (1.600916ms)
ℹ tests 39
ℹ suites 0
ℹ pass 39
ℹ fail 0
ℹ cancelled 0
ℹ skipped 0
ℹ todo 0
ℹ duration_ms 1687.956667
{"schema":1,"at":"2026-10-07T17:23:34.668Z","runId":"nonchat-scrape-census-final-20261007-01","childExitCode":0,"childSignal":null,"code":"RESOURCE_JOB_EXIT"}
{"schema":1,"at":"2026-10-07T17:23:34.709Z","runId":"nonchat-scrape-census-final-20261007-01","admitted":true,"resourceInvalid":false,"exitCode":0,"decision":"valid","code":"RESOURCE_FINAL_DECISION"}
