{"schema":1,"at":"2026-10-07T17:20:29.335Z","runId":"nonchat-scrape-census-green-20261007-01","path":"/Volumes/Samsung2TB/code/matrx-extend/docs/stabilization/resource-journals/nonchat-scrape-census-green-20261007-01.pending.jsonl","code":"RESOURCE_JOURNAL_OPENED"}
{"schema":1,"at":"2026-10-07T17:21:36.512Z","runId":"nonchat-scrape-census-green-20261007-01","mode":"run","policySchema":1,"sample":{"pressureLevel":1,"availableMemoryGiB":10.72,"requiredMemoryGiB":4,"oneMinuteLoad":1.8599999999999999,"logicalCpus":10,"cpuBusyFraction":0.07857142857142858,"swapUsedMiB":1942.94,"repoFreeGiB":1679.9855499267578,"profileFreeGiB":1679.9855499267578,"safetyFreeGiB":23.707473754882812,"systemFreeGiB":23.707473754882812},"cpuBusySamples":[0.09,0.08,0.07,0.03,0.19,0.05,0.04],"reasons":[],"swapWindowSeconds":60,"code":"RESOURCE_ADMITTED"}
✔ Profile route passes exact CI artifact identity and extended admin mode to the native driver (1.535791ms)
✔ Profile route refuses absent or wrong case and non-CI evidence (0.785625ms)
✔ hosted Profile preflight refuses before credentials or runtime setup (177.149ms)
✔ Profile organization fixture requires a private approved name (0.163916ms)
✔ Showcase and Scrape admin routes require the approved fixture before browser setup (154.719833ms)
✔ hosted Profile stages an exclusive private organization fixture for the native driver (3.908292ms)
✔ every hosted Profile phase refuses before browser setup with valid private inputs (599.04775ms)
✔ other hosted acceptance still passes credential preflight without runtime setup (73.810042ms)
✔ non-Profile package and browser phases retain resource admission (150.797042ms)
✔ active Scrape, Data, and SEO tabs wait for their deferred visible controls (629.229791ms)
✔ Scrape source-owned button titles map only in their tab with one observed node each (415.650375ms)
✔ present but empty visible surfaces cannot complete an otherwise clean census (0.328875ms)
✔ every role requires Scrape, Data, and SEO navigation even with populated surface buckets (1.54375ms)
✔ surface readiness timeout retains fixed safe stage, tab, and count facts (208.033625ms)
✔ known inventory labels map to source IDs while new visible controls stay explicit and private (2.966583ms)
✔ source-reviewed Settings rows map each observed node without revealing selected values (0.624292ms)
✔ Settings row mapping leaves changed, cross-section, wrong-kind and duplicate evidence unknown (0.321292ms)
✔ browser version failures expose fixed safe diagnostics without transport content (0.824833ms)
✔ backend mutation attempt is aborted without retaining URL or request body (0.523458ms)
✔ unknown labels, inaccessible regions, and intercepted RPCs each prevent completeness (0.390083ms)
✔ Settings census observes the actual OpenUrl anchor as C39 without emitting its href (4.009917ms)
✔ unknown DOM labels use a fresh keyed fingerprint without raw text or correlation (4.867625ms)
✔ Settings census links only exact source-rendered row labels to observed controls (4.936584ms)
✔ Desktop bridge census links each input and button only to its exact static row (3.423958ms)
✔ direct census invocation refuses before browser or credentials without resource guard (95.377916ms)
✔ hosted census role preflight requires real auth only for member and admin (0.211833ms)
✔ discovery retains untitled and alternate tab shapes but only permits mapped native triggers (2.397333ms)
✔ census distinguishes structural containers and actions from unopened regions with safe provenance (2.001125ms)
✔ discovery retains summary, non-button expanders and unclassified section controls (1.783833ms)
✔ Settings section readiness uses its active panel while retaining unknown section triggers (1.457917ms)
✔ Settings readiness refuses an inactive panel or duplicate Account expanders inside it (1.828667ms)
✔ guest evidence requires observed signed-out account and absent credentials (0.953666ms)
✔ guest observation refuses every contradictory or missing auth signal without leaking identity (7.439958ms)
✔ discovery contract detects an in-memory narrowed selector and constant-result replacement (6.353334ms)
✔ guest contract detects a constant signed-out replacement (3.992958ms)
✔ guest capture frames Account after signed-out proof and restricts an existing screenshot (3.844958ms)
✔ guest screenshot failures retain stage and last safe observations without payloads (1.571375ms)
✔ guest screenshot refuses capture when Account remains outside the viewport (1.014292ms)
✔ guest screenshot refuses a one-pixel Account header or Sign in sliver (1.694667ms)
ℹ tests 39
ℹ suites 0
ℹ pass 39
ℹ fail 0
ℹ cancelled 0
ℹ skipped 0
ℹ todo 0
ℹ duration_ms 1698.03675
{"schema":1,"at":"2026-10-07T17:21:38.290Z","runId":"nonchat-scrape-census-green-20261007-01","childExitCode":0,"childSignal":null,"code":"RESOURCE_JOB_EXIT"}
{"schema":1,"at":"2026-10-07T17:21:38.332Z","runId":"nonchat-scrape-census-green-20261007-01","admitted":true,"resourceInvalid":false,"exitCode":0,"decision":"valid","code":"RESOURCE_FINAL_DECISION"}
