{"schema":1,"at":"2026-10-07T11:23:04.187Z","runId":"t57-prior-sequence-controller-green2-20261007","path":"/Volumes/Samsung2TB/code/matrx-extend/docs/stabilization/resource-journals/t57-prior-sequence-controller-green2-20261007.pending.jsonl","code":"RESOURCE_JOURNAL_OPENED"}
{"schema":1,"at":"2026-10-07T11:24:11.402Z","runId":"t57-prior-sequence-controller-green2-20261007","mode":"run","policySchema":1,"sample":{"pressureLevel":1,"availableMemoryGiB":12.16,"requiredMemoryGiB":4,"oneMinuteLoad":0.9299999999999999,"logicalCpus":10,"cpuBusyFraction":0.07285714285714286,"swapUsedMiB":2650.19,"repoFreeGiB":1680.6582832336426,"profileFreeGiB":1680.6582832336426,"safetyFreeGiB":23.221576690673828,"systemFreeGiB":23.221576690673828},"cpuBusySamples":[0.06,0.07,0.09,0.06,0.07,0.07,0.09],"reasons":[],"swapWindowSeconds":60,"code":"RESOURCE_ADMITTED"}
✔ routed public scenario starts the old page request before Run and never navigates again (2.801083ms)
✔ public response identity is exact across URL and body without exposing either (0.377375ms)
✔ CDP failure categories never retain URLs, credentials, or raw messages (0.231584ms)
✖ extension capture proof requires its own hook and an attached owned tab (3.205125ms)
✔ controller continues original paused responses in order and disables interception (158.992375ms)
✖ canceled old release still attempts current release and every owned cleanup step (104.673792ms)
✔ a response body resolving or rejecting after cleanup cannot append a late pause observation (2.483042ms)
✔ disable and detach failures independently preserve later cleanup attempts (0.582958ms)
✔ preflight requires two matching real request identities, new document and delivery lifecycle (0.366291ms)
✔ actual verdict rejects constant and missing-evidence mutations in memory (9.506625ms)
ℹ tests 10
ℹ suites 0
ℹ pass 8
ℹ fail 2
ℹ cancelled 0
ℹ skipped 0
ℹ todo 0
ℹ duration_ms 357.242042

✖ failing tests:

test at tests/browser/showcase-d47-public-race-preflight.test.mjs:100:1
✖ extension capture proof requires its own hook and an attached owned tab (3.205125ms)
  AssertionError [ERR_ASSERTION]: Expected values to be strictly deep-equal:
  + actual - expected
  
  + []
  - [
  -   {
  -     binding_name: '__matrx_capture_current',
  -     context_unique_id: 'current-context',
  -     request_body_key: 'sha256:body',
  -     request_sequence: 1,
  -     response_sha256: '723b75472cdd38d74a085a0d3839783a6009cf0b0ca8e7fbdbd6948c5aff0222',
  -     url_sha256: '367cb137f9e065baaa56f5783c06005e2a69ee2b8038a6baa7bfca19231a95e1'
  -   }
  - ]
  
      at TestContext.<anonymous> (file:///Volumes/Samsung2TB/code/matrx-extend/tests/browser/showcase-d47-public-race-preflight.test.mjs:166:12)
      at async Test.run (node:internal/test_runner/test:1125:7)
      at async Test.processPendingSubtests (node:internal/test_runner/test:787:7) {
    generatedMessage: true,
    code: 'ERR_ASSERTION',
    actual: [],
    expected: [ { binding_name: '__matrx_capture_current', context_unique_id: 'current-context', url_sha256: '367cb137f9e065baaa56f5783c06005e2a69ee2b8038a6baa7bfca19231a95e1', response_sha256: '723b75472cdd38d74a085a0d3839783a6009cf0b0ca8e7fbdbd6948c5aff0222', request_body_key: 'sha256:body', request_sequence: 1 } ],
    operator: 'deepStrictEqual',
    diff: 'simple'
  }

test at tests/browser/showcase-d47-public-race-preflight.test.mjs:285:1
✖ canceled old release still attempts current release and every owned cleanup step (104.673792ms)
  ReferenceError: item is not defined
      at release (file:///Volumes/Samsung2TB/code/matrx-extend/tests/browser/showcase-d47-public-race-preflight.mjs:345:7)
      at async Object.releaseInOrder (file:///Volumes/Samsung2TB/code/matrx-extend/tests/browser/showcase-d47-public-race-preflight.mjs:457:19)
      at async TestContext.<anonymous> (file:///Volumes/Samsung2TB/code/matrx-extend/tests/browser/showcase-d47-public-race-preflight.test.mjs:333:3)
      at async Test.run (node:internal/test_runner/test:1125:7)
      at async Test.processPendingSubtests (node:internal/test_runner/test:787:7)
{"schema":1,"at":"2026-10-07T11:24:11.855Z","runId":"t57-prior-sequence-controller-green2-20261007","childExitCode":1,"childSignal":null,"code":"RESOURCE_JOB_EXIT"}
{"schema":1,"at":"2026-10-07T11:24:11.909Z","runId":"t57-prior-sequence-controller-green2-20261007","admitted":true,"resourceInvalid":false,"exitCode":1,"decision":"child_failed","code":"RESOURCE_FINAL_DECISION"}
