{"schema":1,"at":"2026-10-07T11:28:02.083Z","runId":"t57-escalation-controller-20261007","path":"/Volumes/Samsung2TB/code/matrx-extend/docs/stabilization/resource-journals/t57-escalation-controller-20261007.pending.jsonl","code":"RESOURCE_JOURNAL_OPENED"}
{"schema":1,"at":"2026-10-07T11:29:09.279Z","runId":"t57-escalation-controller-20261007","mode":"run","policySchema":1,"sample":{"pressureLevel":1,"availableMemoryGiB":12,"requiredMemoryGiB":4,"oneMinuteLoad":1.06,"logicalCpus":10,"cpuBusyFraction":0.07571428571428572,"swapUsedMiB":2650.19,"repoFreeGiB":1680.657772064209,"profileFreeGiB":1680.657772064209,"safetyFreeGiB":23.21392822265625,"systemFreeGiB":23.21392822265625},"cpuBusySamples":[0.07,0.07,0.07,0.07,0.09,0.06,0.1],"reasons":[],"swapWindowSeconds":60,"code":"RESOURCE_ADMITTED"}
✔ routed public scenario starts the old page request before Run and never navigates again (2.735041ms)
✔ public response identity is exact across URL and body without exposing either (0.368667ms)
✔ CDP failure categories never retain URLs, credentials, or raw messages (0.205792ms)
✔ extension capture proof requires its own hook and an attached owned tab (2.969042ms)
✔ controller continues original paused responses in order and disables interception (154.376458ms)
✔ canceled old release still attempts current release and every owned cleanup step (105.695459ms)
✔ a response body resolving or rejecting after cleanup cannot append a late pause observation (1.156ms)
✔ disable and detach failures independently preserve later cleanup attempts (0.695167ms)
✔ preflight requires two matching real request identities, new document and delivery lifecycle (0.43525ms)
✔ actual verdict rejects constant and missing-evidence mutations in memory (10.609292ms)
ℹ tests 10
ℹ suites 0
ℹ pass 10
ℹ fail 0
ℹ cancelled 0
ℹ skipped 0
ℹ todo 0
ℹ duration_ms 353.964917
{"schema":1,"at":"2026-10-07T11:29:09.692Z","runId":"t57-escalation-controller-20261007","childExitCode":0,"childSignal":null,"code":"RESOURCE_JOB_EXIT"}
{"schema":1,"at":"2026-10-07T11:29:09.744Z","runId":"t57-escalation-controller-20261007","admitted":true,"resourceInvalid":false,"exitCode":0,"decision":"valid","code":"RESOURCE_FINAL_DECISION"}
