{"schema":1,"at":"2026-10-07T11:11:36.355Z","runId":"t57-public-late-reject-20261007","path":"/Volumes/Samsung2TB/code/matrx-extend/docs/stabilization/resource-journals/t57-public-late-reject-20261007.pending.jsonl","code":"RESOURCE_JOURNAL_OPENED"}
{"schema":1,"at":"2026-10-07T11:12:43.578Z","runId":"t57-public-late-reject-20261007","mode":"run","policySchema":1,"sample":{"pressureLevel":1,"availableMemoryGiB":11.84,"requiredMemoryGiB":4,"oneMinuteLoad":1.27,"logicalCpus":10,"cpuBusyFraction":0.06571428571428571,"swapUsedMiB":2650.19,"repoFreeGiB":1680.6533203125,"profileFreeGiB":23.227737426757812,"safetyFreeGiB":23.227737426757812,"systemFreeGiB":23.227737426757812},"cpuBusySamples":[0.06,0.08,0.06,0.08,0.06,0.06,0.06],"reasons":[],"swapWindowSeconds":60,"code":"RESOURCE_ADMITTED"}
✔ public response identity is exact across URL and body without exposing either (1.574292ms)
✔ CDP failure categories never retain URLs, credentials, or raw messages (0.228833ms)
✔ extension capture proof requires its own hook and an attached owned tab (0.788ms)
✔ controller continues original paused responses in order and disables interception (159.34575ms)
✔ canceled old release still attempts current release and every owned cleanup step (106.777917ms)
✔ a response body resolving or rejecting after cleanup cannot append a late pause observation (2.396875ms)
✔ disable and detach failures independently preserve later cleanup attempts (0.694291ms)
✔ preflight requires two matching real request identities, new document and delivery lifecycle (0.30225ms)
✔ actual verdict rejects constant and missing-evidence mutations in memory (16.04325ms)
ℹ tests 9
ℹ suites 0
ℹ pass 9
ℹ fail 0
ℹ cancelled 0
ℹ skipped 0
ℹ todo 0
ℹ duration_ms 362.363083
{"schema":1,"at":"2026-10-07T11:12:44.042Z","runId":"t57-public-late-reject-20261007","childExitCode":0,"childSignal":null,"code":"RESOURCE_JOB_EXIT"}
{"schema":1,"at":"2026-10-07T11:12:44.096Z","runId":"t57-public-late-reject-20261007","admitted":true,"resourceInvalid":false,"exitCode":0,"decision":"valid","code":"RESOURCE_FINAL_DECISION"}
