{"schema":1,"at":"2026-10-07T13:39:57.994Z","runId":"webmcp-origin-dispatch-red-20261007","path":"/Volumes/Samsung2TB/code/matrx-extend/docs/stabilization/resource-journals/webmcp-origin-dispatch-red-20261007.pending.jsonl","code":"RESOURCE_JOURNAL_OPENED"}
{"schema":1,"at":"2026-10-07T13:41:05.194Z","runId":"webmcp-origin-dispatch-red-20261007","mode":"run","policySchema":1,"sample":{"pressureLevel":1,"availableMemoryGiB":11.84,"requiredMemoryGiB":4,"oneMinuteLoad":1.16,"logicalCpus":10,"cpuBusyFraction":0.07571428571428572,"swapUsedMiB":2626.19,"repoFreeGiB":1680.598861694336,"profileFreeGiB":1680.598861694336,"safetyFreeGiB":23.020225524902344,"systemFreeGiB":23.020225524902344},"cpuBusySamples":[0.06,0.07,0.07,0.06,0.06,0.12,0.09],"reasons":[],"swapWindowSeconds":60,"code":"RESOURCE_ADMITTED"}
(!) Your Vite config uses features that are unsupported by `configLoader: 'native'`, which is planned to become the default in a future major version of Vite:
  - `__dirname` (vitest.config.ts:7:25). Use `import.meta.dirname` instead
Set `VITE_CONFIG_NATIVE_IGNORE_WARNING=true` to suppress this warning.

 RUN  v4.1.11 /Volumes/Samsung2TB/code/matrx-extend

(node:54833) Warning: `--localstorage-file` was provided without a valid path
(Use `node --trace-warnings ...` to show where the warning was created)
 ❯ tests/unit/external-dispatch-tier.test.ts (4 tests | 1 failed) 5ms
     × keeps an external page read on its assigned tab after focus changes, and reports a closed origin 3ms

⎯⎯⎯⎯⎯⎯⎯ Failed Tests 1 ⎯⎯⎯⎯⎯⎯⎯

 FAIL  tests/unit/external-dispatch-tier.test.ts > external dispatcher effective permission tier > keeps an external page read on its assigned tab after focus changes, and reports a closed origin
AssertionError: expected { Object (ok, result) } to deeply equal { Object (ok, result) }

- Expected
+ Received

  {
    "ok": true,
    "result": {
      "ok": true,
-     "tabId": 17,
+     "tabId": 23,
    },
  }

 ❯ tests/unit/external-dispatch-tier.test.ts:69:110
     67|     });
     68|     const payload = { callId: 'origin-tab-test', toolName: 'test_dynam…
     69|     expect(await handleWebmcpCall(payload, { permissionMode: 'act', in…
       |                                                                                                              ^
     70|       ok: true,
     71|       result: { ok: true, tabId: 17 },

⎯⎯⎯⎯⎯⎯⎯⎯⎯⎯⎯⎯⎯⎯⎯⎯⎯⎯⎯⎯⎯⎯⎯⎯[1/1]⎯


 Test Files  1 failed (1)
      Tests  1 failed | 3 passed (4)
   Start at  06:41:05
   Duration  482ms (transform 115ms, setup 74ms, import 161ms, tests 5ms, environment 148ms)

{"schema":1,"at":"2026-10-07T13:41:06.311Z","runId":"webmcp-origin-dispatch-red-20261007","childExitCode":1,"childSignal":null,"code":"RESOURCE_JOB_EXIT"}
{"schema":1,"at":"2026-10-07T13:41:06.352Z","runId":"webmcp-origin-dispatch-red-20261007","admitted":true,"resourceInvalid":false,"exitCode":1,"decision":"child_failed","code":"RESOURCE_FINAL_DECISION"}
