{"schema":1,"at":"2026-10-07T13:17:18.484Z","runId":"webmcp-native-red-20261007","path":"/Volumes/Samsung2TB/code/matrx-extend/docs/stabilization/resource-journals/webmcp-native-red-20261007.pending.jsonl","code":"RESOURCE_JOURNAL_OPENED"}
{"schema":1,"at":"2026-10-07T13:18:25.699Z","runId":"webmcp-native-red-20261007","mode":"run","policySchema":1,"sample":{"pressureLevel":1,"availableMemoryGiB":12,"requiredMemoryGiB":4,"oneMinuteLoad":1.07,"logicalCpus":10,"cpuBusyFraction":0.06285714285714286,"swapUsedMiB":2642.19,"repoFreeGiB":1680.6003379821777,"profileFreeGiB":1680.6003379821777,"safetyFreeGiB":23.04696273803711,"systemFreeGiB":23.04696273803711},"cpuBusySamples":[0.07,0.07,0.06,0.06,0.06,0.06,0.06],"reasons":[],"swapWindowSeconds":60,"code":"RESOURCE_ADMITTED"}
(!) Your Vite config uses features that are unsupported by `configLoader: 'native'`, which is planned to become the default in a future major version of Vite:
  - `__dirname` (vitest.config.ts:7:25). Use `import.meta.dirname` instead
Set `VITE_CONFIG_NATIVE_IGNORE_WARNING=true` to suppress this warning.

 RUN  v4.1.11 /Volumes/Samsung2TB/code/matrx-extend

 ❯ tests/unit/webmcp-native-contract.test.ts (3 tests | 3 failed) 21ms
     × awaits document.modelContext.getTools for availability and listing 16ms
     × passes a discovered RegisteredTool and object input to executeTool 1ms
     × awaits native registerTool with execute callback and AbortSignal lifecycle 4ms

⎯⎯⎯⎯⎯⎯⎯ Failed Tests 3 ⎯⎯⎯⎯⎯⎯⎯

 FAIL  tests/unit/webmcp-native-contract.test.ts > WebMCP documented imperative API boundary > awaits document.modelContext.getTools for availability and listing
AssertionError: expected { available: false, tool_count: +0 } to deeply equal { available: true, tool_count: 1 }

- Expected
+ Received

  {
-   "available": true,
-   "tool_count": 1,
+   "available": false,
+   "tool_count": 0,
  }

 ❯ tests/unit/webmcp-native-contract.test.ts:46:62
     44|     installPage({ getTools });
     45|     const { webmcp_check_availability, webmcp_list_page_tools } = awai…
     46|     expect(await webmcp_check_availability.run({}, context)).toEqual({…
       |                                                              ^
     47|     expect(await webmcp_list_page_tools.run({}, context)).toEqual({
     48|       ok: true,

⎯⎯⎯⎯⎯⎯⎯⎯⎯⎯⎯⎯⎯⎯⎯⎯⎯⎯⎯⎯⎯⎯⎯⎯[1/3]⎯

 FAIL  tests/unit/webmcp-native-contract.test.ts > WebMCP documented imperative API boundary > passes a discovered RegisteredTool and object input to executeTool
AssertionError: expected { ok: false, …(1) } to deeply equal { ok: true, …(1) }

- Expected
+ Received

  {
-   "ok": true,
-   "result": {
-     "marker": "executed",
-   },
+   "ok": false,
+   "reason": "WebMCP unavailable",
  }

 ❯ tests/unit/webmcp-native-contract.test.ts:60:112
     58|     installPage({ getTools: async () => [tool], executeTool });
     59|     const { webmcp_call_page_tool } = await import('@/lib/tools/handle…
     60|     expect(await webmcp_call_page_tool.run({ name: 'fixture_read', arg…
       |                                                                                                                ^
     61|       ok: true,
     62|       result: { marker: 'executed' },

⎯⎯⎯⎯⎯⎯⎯⎯⎯⎯⎯⎯⎯⎯⎯⎯⎯⎯⎯⎯⎯⎯⎯⎯[2/3]⎯

 FAIL  tests/unit/webmcp-native-contract.test.ts > WebMCP documented imperative API boundary > awaits native registerTool with execute callback and AbortSignal lifecycle
AssertionError: expected { ok: false, …(1) } to deeply equal { ok: true, count: 1 }

- Expected
+ Received

  {
-   "count": 1,
-   "ok": true,
+   "ok": false,
+   "reason": "WebMCP unavailable",
  }

 ❯ tests/unit/webmcp-native-contract.test.ts:75:59
     73|     installPage({ registerTool });
     74|     const { registerToolsOnActiveTab } = await import('@/lib/webmcp/re…
     75|     expect(await registerToolsOnActiveTab({ tabId: 42 })).toEqual({ ok…
       |                                                           ^
     76|     expect(registerTool).toHaveBeenCalledTimes(1);
     77|     expect(registrations[0]?.name).toBe('matrx.fixture_read');

⎯⎯⎯⎯⎯⎯⎯⎯⎯⎯⎯⎯⎯⎯⎯⎯⎯⎯⎯⎯⎯⎯⎯⎯[3/3]⎯


 Test Files  1 failed (1)
      Tests  3 failed (3)
   Start at  06:18:26
   Duration  402ms (transform 28ms, setup 91ms, import 10ms, tests 21ms, environment 174ms)

{"schema":1,"at":"2026-10-07T13:18:26.763Z","runId":"webmcp-native-red-20261007","childExitCode":1,"childSignal":null,"code":"RESOURCE_JOB_EXIT"}
{"schema":1,"at":"2026-10-07T13:18:26.806Z","runId":"webmcp-native-red-20261007","admitted":true,"resourceInvalid":false,"exitCode":1,"decision":"child_failed","code":"RESOURCE_FINAL_DECISION"}
