{"schema":1,"at":"2026-10-07T13:24:52.563Z","runId":"webmcp-native-surrounding-20261007","path":"/Volumes/Samsung2TB/code/matrx-extend/docs/stabilization/resource-journals/webmcp-native-surrounding-20261007.pending.jsonl","code":"RESOURCE_JOURNAL_OPENED"}
{"schema":1,"at":"2026-10-07T13:25:59.807Z","runId":"webmcp-native-surrounding-20261007","mode":"run","policySchema":1,"sample":{"pressureLevel":1,"availableMemoryGiB":11.84,"requiredMemoryGiB":4,"oneMinuteLoad":4.3,"logicalCpus":10,"cpuBusyFraction":0.2871428571428572,"swapUsedMiB":2626.19,"repoFreeGiB":1680.6187286376953,"profileFreeGiB":1680.6187286376953,"safetyFreeGiB":23.02685546875,"systemFreeGiB":23.02685546875},"cpuBusySamples":[0.23,0.34,0.53,0.17,0.39,0.28,0.07],"reasons":[],"swapWindowSeconds":60,"code":"RESOURCE_ADMITTED"}
(!) Your Vite config uses features that are unsupported by `configLoader: 'native'`, which is planned to become the default in a future major version of Vite:
  - `__dirname` (vitest.config.ts:7:25). Use `import.meta.dirname` instead
Set `VITE_CONFIG_NATIVE_IGNORE_WARNING=true` to suppress this warning.

 RUN  v4.1.11 /Volumes/Samsung2TB/code/matrx-extend

 ❯ tests/unit/webmcp-native-contract.test.ts (5 tests | 1 failed) 20ms
     × reports native unavailability and discovery or execution rejection without a false success 3ms

⎯⎯⎯⎯⎯⎯⎯ Failed Tests 1 ⎯⎯⎯⎯⎯⎯⎯

 FAIL  tests/unit/webmcp-native-contract.test.ts > WebMCP documented imperative API boundary > reports native unavailability and discovery or execution rejection without a false success
AssertionError: expected { ok: false, …(1) } to deeply equal { ok: false, …(1) }

- Expected
+ Received

  {
    "ok": false,
-   "reason": "discovery refused",
+   "reason": "WebMCP unavailable",
  }

 ❯ tests/unit/webmcp-native-contract.test.ts:134:7
    132|     expect(
    133|       await webmcp_call_page_tool.run({ name: 'fixture_read', argument…
    134|     ).toEqual({
       |       ^
    135|       ok: false,
    136|       reason: 'discovery refused',

⎯⎯⎯⎯⎯⎯⎯⎯⎯⎯⎯⎯⎯⎯⎯⎯⎯⎯⎯⎯⎯⎯⎯⎯[1/1]⎯


 Test Files  1 failed (1)
      Tests  1 failed | 4 passed (5)
   Start at  06:26:00
   Duration  349ms (transform 29ms, setup 75ms, import 13ms, tests 20ms, environment 147ms)

{"schema":1,"at":"2026-10-07T13:26:00.808Z","runId":"webmcp-native-surrounding-20261007","childExitCode":1,"childSignal":null,"code":"RESOURCE_JOB_EXIT"}
{"schema":1,"at":"2026-10-07T13:26:00.848Z","runId":"webmcp-native-surrounding-20261007","admitted":true,"resourceInvalid":false,"exitCode":1,"decision":"child_failed","code":"RESOURCE_FINAL_DECISION"}
