{"schema":1,"at":"2026-10-07T07:00:28.489Z","runId":"d47-remaining-constant-red-20261007","path":"/Volumes/Samsung2TB/code/matrx-extend/docs/stabilization/resource-journals/d47-remaining-constant-red-20261007.pending.jsonl","code":"RESOURCE_JOURNAL_OPENED"}
{"schema":1,"at":"2026-10-07T07:01:35.727Z","runId":"d47-remaining-constant-red-20261007","mode":"run","policySchema":1,"sample":{"pressureLevel":1,"availableMemoryGiB":12.64,"requiredMemoryGiB":4,"oneMinuteLoad":2.06,"logicalCpus":10,"cpuBusyFraction":0.13285714285714284,"swapUsedMiB":2929.56,"repoFreeGiB":1681.1582565307617,"profileFreeGiB":1681.1582565307617,"safetyFreeGiB":23.351364135742188,"systemFreeGiB":23.351364135742188},"cpuBusySamples":[0.08,0.15,0.06,0.15,0.17,0.08,0.24],"reasons":[],"swapWindowSeconds":60,"code":"RESOURCE_ADMITTED"}
(!) Your Vite config uses features that are unsupported by `configLoader: 'native'`, which is planned to become the default in a future major version of Vite:
  - `__dirname` (vitest.config.ts:7:25). Use `import.meta.dirname` instead
Set `VITE_CONFIG_NATIVE_IGNORE_WARNING=true` to suppress this warning.

 RUN  v4.1.11 /Volumes/Samsung2TB/code/matrx-extend

 ❯ tests/unit/.d47-constant-mutant.test.ts (17 tests | 3 failed) 275ms
   × saved replay refuses stale-only rows and recovers on a fresh run 3ms
   × saved replay ignores a prior-run binding while accepting its own document 0ms
   × saved replay rejects a higher old-document sequence on the real capture path 0ms

⎯⎯⎯⎯⎯⎯⎯ Failed Tests 3 ⎯⎯⎯⎯⎯⎯⎯

 FAIL  tests/unit/.d47-constant-mutant.test.ts > saved replay refuses stale-only rows and recovers on a fresh run
AssertionError: expected [] to have a length of 1 but got +0

- Expected
+ Received

- 1
+ 0

 ❯ waitForReload tests/unit/.d47-constant-mutant.test.ts:149:82
    147|     await Promise.resolve();
    148|   }
    149|   expect(harness.send.mock.calls.filter(([method]) => method === 'Page…
       |                                                                                  ^
    150|     count,
    151|   );
 ❯ tests/unit/.d47-constant-mutant.test.ts:321:3

⎯⎯⎯⎯⎯⎯⎯⎯⎯⎯⎯⎯⎯⎯⎯⎯⎯⎯⎯⎯⎯⎯⎯⎯[1/3]⎯

 FAIL  tests/unit/.d47-constant-mutant.test.ts > saved replay ignores a prior-run binding while accepting its own document
AssertionError: expected [] to have a length of 1 but got +0

- Expected
+ Received

- 1
+ 0

 ❯ waitForReload tests/unit/.d47-constant-mutant.test.ts:149:82
    147|     await Promise.resolve();
    148|   }
    149|   expect(harness.send.mock.calls.filter(([method]) => method === 'Page…
       |                                                                                  ^
    150|     count,
    151|   );
 ❯ tests/unit/.d47-constant-mutant.test.ts:346:3

⎯⎯⎯⎯⎯⎯⎯⎯⎯⎯⎯⎯⎯⎯⎯⎯⎯⎯⎯⎯⎯⎯⎯⎯[2/3]⎯

 FAIL  tests/unit/.d47-constant-mutant.test.ts > saved replay rejects a higher old-document sequence on the real capture path
AssertionError: expected [] to have a length of 1 but got +0

- Expected
+ Received

- 1
+ 0

 ❯ waitForReload tests/unit/.d47-constant-mutant.test.ts:149:82
    147|     await Promise.resolve();
    148|   }
    149|   expect(harness.send.mock.calls.filter(([method]) => method === 'Page…
       |                                                                                  ^
    150|     count,
    151|   );
 ❯ tests/unit/.d47-constant-mutant.test.ts:390:3

⎯⎯⎯⎯⎯⎯⎯⎯⎯⎯⎯⎯⎯⎯⎯⎯⎯⎯⎯⎯⎯⎯⎯⎯[3/3]⎯


 Test Files  1 failed (1)
      Tests  3 failed | 14 passed (17)
   Start at  00:01:36
   Duration  719ms (transform 41ms, setup 107ms, import 34ms, tests 275ms, environment 201ms)

{"schema":1,"at":"2026-10-07T07:01:37.132Z","runId":"d47-remaining-constant-red-20261007","childExitCode":1,"childSignal":null,"code":"RESOURCE_JOB_EXIT"}
{"schema":1,"at":"2026-10-07T07:01:37.188Z","runId":"d47-remaining-constant-red-20261007","admitted":true,"resourceInvalid":false,"exitCode":1,"decision":"child_failed","code":"RESOURCE_FINAL_DECISION"}
