{"schema":1,"at":"2026-10-03T13:00:40.509Z","runId":"settings-signedin-admin-20261003-02","path":"/Volumes/Samsung2TB/code/matrx-extend/docs/stabilization/resource-journals/settings-signedin-admin-20261003-02.pending.jsonl","code":"RESOURCE_JOURNAL_OPENED"}
{"schema":1,"at":"2026-10-03T13:01:47.725Z","runId":"settings-signedin-admin-20261003-02","mode":"run","policySchema":1,"sample":{"pressureLevel":1,"availableMemoryGiB":11.04,"requiredMemoryGiB":4,"oneMinuteLoad":2.09,"logicalCpus":10,"cpuBusyFraction":0.15,"swapUsedMiB":2649.5,"repoFreeGiB":1690.3321342468262,"profileFreeGiB":1690.3321342468262,"safetyFreeGiB":30.673511505126953,"systemFreeGiB":30.673511505126953},"cpuBusySamples":[0.14,0.14,0.17,0.14,0.15,0.15,0.16],"reasons":[],"swapWindowSeconds":60,"code":"RESOURCE_ADMITTED"}
HOSTED_BROWSER_READY 1194 acceptance
PREPARED_DEVELOPMENT 3092444e73094cb0023f6086202869ccbd22978b 025e793195c5f15352220d6f47fc9c4af26fa258f8dfb1bed813020444e35660
FAIL D87 native acceptance: /Volumes/Samsung2TB/code/matrx-extend/test-results/settings-d87-native-78ab4187-7ee8-41ab-86fa-33a211504dfc.json
node:internal/modules/run_main:107
    triggerUncaughtException(
    ^

AssertionError [ERR_ASSERTION]: native side-panel acceptance exited 1

1 !== 0

    at run (file:///Volumes/Samsung2TB/code/matrx-extend/scripts/hosted-guest-acceptance.mjs:321:12)
    at process.processTicksAndRejections (node:internal/process/task_queues:104:5)
    at async file:///Volumes/Samsung2TB/code/matrx-extend/scripts/hosted-guest-acceptance.mjs:400:1 {
  generatedMessage: false,
  code: 'ERR_ASSERTION',
  actual: 1,
  expected: 0,
  operator: 'strictEqual',
  diff: 'simple'
}

Node.js v25.6.0
{"schema":1,"at":"2026-10-03T13:01:59.494Z","runId":"settings-signedin-admin-20261003-02","childExitCode":1,"childSignal":null,"code":"RESOURCE_JOB_EXIT"}
{"schema":1,"at":"2026-10-03T13:01:59.539Z","runId":"settings-signedin-admin-20261003-02","admitted":true,"resourceInvalid":false,"exitCode":1,"decision":"child_failed","code":"RESOURCE_FINAL_DECISION"}
