{"schema":1,"at":"2026-10-07T12:45:05.957Z","runId":"guest-census-auth-red-20261007","path":"/Volumes/Samsung2TB/code/matrx-extend/docs/stabilization/resource-journals/guest-census-auth-red-20261007.pending.jsonl","code":"RESOURCE_JOURNAL_OPENED"}
{"schema":1,"at":"2026-10-07T12:46:13.167Z","runId":"guest-census-auth-red-20261007","mode":"run","policySchema":1,"sample":{"pressureLevel":1,"availableMemoryGiB":12,"requiredMemoryGiB":4,"oneMinuteLoad":0.97,"logicalCpus":10,"cpuBusyFraction":0.12714285714285714,"swapUsedMiB":2642.19,"repoFreeGiB":1680.6369972229004,"profileFreeGiB":1680.6369972229004,"safetyFreeGiB":23.08322525024414,"systemFreeGiB":23.08322525024414},"cpuBusySamples":[0.33,0.1,0.06,0.06,0.13,0.11,0.1],"reasons":[],"swapWindowSeconds":60,"code":"RESOURCE_ADMITTED"}
✔ Profile route passes exact CI artifact identity and extended admin mode to the native driver (1.456125ms)
✔ Profile route refuses absent or wrong case and non-CI evidence (0.77525ms)
✔ hosted Profile preflight refuses before credentials or runtime setup (176.413167ms)
✔ Profile organization fixture requires a private approved name (0.155917ms)
✔ Showcase and Scrape admin routes require the approved fixture before browser setup (167.08575ms)
✔ hosted Profile stages an exclusive private organization fixture for the native driver (4.155ms)
✔ every hosted Profile phase refuses before browser setup with valid private inputs (620.557583ms)
✔ other hosted acceptance still passes credential preflight without runtime setup (77.472958ms)
✔ non-Profile package and browser phases retain resource admission (156.033625ms)
✔ known inventory labels map to source IDs while new visible controls stay explicit and private (1.710583ms)
✔ backend mutation attempt is aborted without retaining URL or request body (0.195833ms)
✔ unknown labels, inaccessible regions, and intercepted RPCs each prevent completeness (0.272667ms)
✔ Settings census observes the actual OpenUrl anchor as C39 without emitting its href (8.294459ms)
✔ unknown DOM labels use a fresh keyed fingerprint without raw text or correlation (5.082666ms)
✔ direct census invocation refuses before browser or credentials without resource guard (92.422208ms)
✔ hosted census role preflight requires real auth only for member and admin (0.251458ms)
✔ discovery retains untitled and alternate tab shapes but only permits mapped native triggers (3.132584ms)
✔ discovery retains summary, non-button expanders and unclassified section controls (2.24425ms)
✔ Settings section readiness uses its active panel while retaining unknown section triggers (1.839667ms)
✔ Settings readiness refuses an inactive panel or duplicate Account expanders inside it (2.105334ms)
✖ guest evidence requires observed signed-out account and absent credentials (1.541125ms)
✔ guest observation refuses every contradictory or missing auth signal without leaking identity (11.851917ms)
✔ discovery contract detects an in-memory narrowed selector and constant-result replacement (6.415084ms)
✖ guest contract detects a constant signed-out replacement (1.398959ms)
ℹ tests 24
ℹ suites 0
ℹ pass 22
ℹ fail 2
ℹ cancelled 0
ℹ skipped 0
ℹ todo 0
ℹ duration_ms 1279.792875

✖ failing tests:

test at tests/browser/takeover-visible-census.test.mjs:346:1
✖ guest evidence requires observed signed-out account and absent credentials (1.541125ms)
  AssertionError [ERR_ASSERTION]: census_guest_signed_out_unverified
      at observeGuestAuthentication (file:///Volumes/Samsung2TB/code/matrx-extend/tests/browser/takeover-visible-census.mjs:229:10)
      at async TestContext.<anonymous> (file:///Volumes/Samsung2TB/code/matrx-extend/tests/browser/takeover-visible-census.test.mjs:347:20)
      at async Test.run (node:internal/test_runner/test:1125:7)
      at async Test.processPendingSubtests (node:internal/test_runner/test:787:7) {
    generatedMessage: false,
    code: 'ERR_ASSERTION',
    actual: false,
    expected: true,
    operator: '==',
    diff: 'simple'
  }

test at tests/browser/takeover-visible-census.test.mjs:401:1
✖ guest contract detects a constant signed-out replacement (1.398959ms)
  AssertionError [ERR_ASSERTION]: census_guest_signed_out_unverified
      at observeGuestAuthentication (file:///Volumes/Samsung2TB/code/matrx-extend/tests/browser/takeover-visible-census.mjs:229:10)
      at async verify (file:///Volumes/Samsung2TB/code/matrx-extend/tests/browser/takeover-visible-census.test.mjs:403:23)
      at async TestContext.<anonymous> (file:///Volumes/Samsung2TB/code/matrx-extend/tests/browser/takeover-visible-census.test.mjs:411:3)
      at async Test.run (node:internal/test_runner/test:1125:7)
      at async Test.processPendingSubtests (node:internal/test_runner/test:787:7) {
    generatedMessage: false,
    code: 'ERR_ASSERTION',
    actual: false,
    expected: true,
    operator: '==',
    diff: 'simple'
  }
{"schema":1,"at":"2026-10-07T12:46:14.544Z","runId":"guest-census-auth-red-20261007","childExitCode":1,"childSignal":null,"code":"RESOURCE_JOB_EXIT"}
{"schema":1,"at":"2026-10-07T12:46:14.584Z","runId":"guest-census-auth-red-20261007","admitted":true,"resourceInvalid":false,"exitCode":1,"decision":"child_failed","code":"RESOURCE_FINAL_DECISION"}
