{"schema":1,"at":"2026-10-07T12:39:48.931Z","runId":"guest-census-account-red-20261007","path":"/Volumes/Samsung2TB/code/matrx-extend/docs/stabilization/resource-journals/guest-census-account-red-20261007.pending.jsonl","code":"RESOURCE_JOURNAL_OPENED"}
{"schema":1,"at":"2026-10-07T12:40:56.147Z","runId":"guest-census-account-red-20261007","mode":"run","policySchema":1,"sample":{"pressureLevel":1,"availableMemoryGiB":12,"requiredMemoryGiB":4,"oneMinuteLoad":1.15,"logicalCpus":10,"cpuBusyFraction":0.06999999999999999,"swapUsedMiB":2642.19,"repoFreeGiB":1680.6371688842773,"profileFreeGiB":1680.6371688842773,"safetyFreeGiB":23.093822479248047,"systemFreeGiB":23.093822479248047},"cpuBusySamples":[0.08,0.1,0.06,0.06,0.06,0.06,0.07],"reasons":[],"swapWindowSeconds":60,"code":"RESOURCE_ADMITTED"}
✔ Profile route passes exact CI artifact identity and extended admin mode to the native driver (1.479667ms)
✔ Profile route refuses absent or wrong case and non-CI evidence (0.748875ms)
✔ hosted Profile preflight refuses before credentials or runtime setup (170.701292ms)
✔ Profile organization fixture requires a private approved name (0.159875ms)
✔ Showcase and Scrape admin routes require the approved fixture before browser setup (159.187625ms)
✔ hosted Profile stages an exclusive private organization fixture for the native driver (3.79275ms)
✔ every hosted Profile phase refuses before browser setup with valid private inputs (608.39575ms)
✔ other hosted acceptance still passes credential preflight without runtime setup (75.210625ms)
✔ non-Profile package and browser phases retain resource admission (150.602292ms)
✔ known inventory labels map to source IDs while new visible controls stay explicit and private (1.688959ms)
✔ backend mutation attempt is aborted without retaining URL or request body (0.193958ms)
✔ unknown labels, inaccessible regions, and intercepted RPCs each prevent completeness (0.269583ms)
✔ Settings census observes the actual OpenUrl anchor as C39 without emitting its href (8.842375ms)
✔ unknown DOM labels use a fresh keyed fingerprint without raw text or correlation (4.651666ms)
✔ direct census invocation refuses before browser or credentials without resource guard (89.237833ms)
✔ hosted census role preflight requires real auth only for member and admin (0.252166ms)
✔ discovery retains untitled and alternate tab shapes but only permits mapped native triggers (3.481ms)
✔ discovery retains summary, non-button expanders and unclassified section controls (1.946333ms)
✖ Settings section readiness uses its active panel while retaining unknown section triggers (2.241541ms)
✔ guest evidence requires observed signed-out account and absent credentials (1.376541ms)
✔ guest observation refuses every contradictory or missing auth signal without leaking identity (6.121292ms)
✔ discovery contract detects an in-memory narrowed selector and constant-result replacement (6.647375ms)
✔ guest contract detects a constant signed-out replacement (3.31175ms)
ℹ tests 23
ℹ suites 0
ℹ pass 22
ℹ fail 1
ℹ cancelled 0
ℹ skipped 0
ℹ todo 0
ℹ duration_ms 1241.728625

✖ failing tests:

test at tests/browser/takeover-visible-census.test.mjs:296:1
✖ Settings section readiness uses its active panel while retaining unknown section triggers (2.241541ms)
  AssertionError [ERR_ASSERTION]: Expected values to be strictly equal:

  4 !== 2

      at TestContext.<anonymous> (file:///Volumes/Samsung2TB/code/matrx-extend/tests/browser/takeover-visible-census.test.mjs:307:10)
      at async Test.run (node:internal/test_runner/test:1125:7)
      at async Test.processPendingSubtests (node:internal/test_runner/test:787:7) {
    generatedMessage: true,
    code: 'ERR_ASSERTION',
    actual: 4,
    expected: 2,
    operator: 'strictEqual',
    diff: 'simple'
  }
{"schema":1,"at":"2026-10-07T12:40:57.488Z","runId":"guest-census-account-red-20261007","childExitCode":1,"childSignal":null,"code":"RESOURCE_JOB_EXIT"}
{"schema":1,"at":"2026-10-07T12:40:57.532Z","runId":"guest-census-account-red-20261007","admitted":true,"resourceInvalid":false,"exitCode":1,"decision":"child_failed","code":"RESOURCE_FINAL_DECISION"}
