{"schema":1,"at":"2026-10-07T12:43:27.287Z","runId":"guest-census-account-green2-20261007","path":"/Volumes/Samsung2TB/code/matrx-extend/docs/stabilization/resource-journals/guest-census-account-green2-20261007.pending.jsonl","code":"RESOURCE_JOURNAL_OPENED"}
{"schema":1,"at":"2026-10-07T12:44:34.507Z","runId":"guest-census-account-green2-20261007","mode":"run","policySchema":1,"sample":{"pressureLevel":1,"availableMemoryGiB":12.16,"requiredMemoryGiB":4,"oneMinuteLoad":0.96,"logicalCpus":10,"cpuBusyFraction":0.06714285714285714,"swapUsedMiB":2642.19,"repoFreeGiB":1680.636890411377,"profileFreeGiB":1680.636890411377,"safetyFreeGiB":23.090633392333984,"systemFreeGiB":23.090633392333984},"cpuBusySamples":[0.06,0.06,0.07,0.07,0.07,0.08,0.06],"reasons":[],"swapWindowSeconds":60,"code":"RESOURCE_ADMITTED"}
✔ Profile route passes exact CI artifact identity and extended admin mode to the native driver (1.230083ms)
✔ Profile route refuses absent or wrong case and non-CI evidence (0.70875ms)
✔ hosted Profile preflight refuses before credentials or runtime setup (168.250417ms)
✔ Profile organization fixture requires a private approved name (0.162125ms)
✔ Showcase and Scrape admin routes require the approved fixture before browser setup (159.797292ms)
✔ hosted Profile stages an exclusive private organization fixture for the native driver (3.945917ms)
✔ every hosted Profile phase refuses before browser setup with valid private inputs (608.458708ms)
✔ other hosted acceptance still passes credential preflight without runtime setup (74.294875ms)
✔ non-Profile package and browser phases retain resource admission (153.512375ms)
✔ known inventory labels map to source IDs while new visible controls stay explicit and private (1.719542ms)
✔ backend mutation attempt is aborted without retaining URL or request body (0.2005ms)
✔ unknown labels, inaccessible regions, and intercepted RPCs each prevent completeness (0.257959ms)
✔ Settings census observes the actual OpenUrl anchor as C39 without emitting its href (8.270417ms)
✔ unknown DOM labels use a fresh keyed fingerprint without raw text or correlation (4.786958ms)
✔ direct census invocation refuses before browser or credentials without resource guard (90.9795ms)
✔ hosted census role preflight requires real auth only for member and admin (0.261875ms)
✔ discovery retains untitled and alternate tab shapes but only permits mapped native triggers (3.067084ms)
✔ discovery retains summary, non-button expanders and unclassified section controls (2.008167ms)
✔ Settings section readiness uses its active panel while retaining unknown section triggers (1.694916ms)
✔ Settings readiness refuses an inactive panel or duplicate Account expanders inside it (2.048125ms)
✔ guest evidence requires observed signed-out account and absent credentials (1.041583ms)
✔ guest observation refuses every contradictory or missing auth signal without leaking identity (7.967875ms)
✔ discovery contract detects an in-memory narrowed selector and constant-result replacement (6.192125ms)
✔ guest contract detects a constant signed-out replacement (5.135833ms)
ℹ tests 24
ℹ suites 0
ℹ pass 24
ℹ fail 0
ℹ cancelled 0
ℹ skipped 0
ℹ todo 0
ℹ duration_ms 1239.460458
{"schema":1,"at":"2026-10-07T12:44:35.832Z","runId":"guest-census-account-green2-20261007","childExitCode":0,"childSignal":null,"code":"RESOURCE_JOB_EXIT"}
{"schema":1,"at":"2026-10-07T12:44:35.872Z","runId":"guest-census-account-green2-20261007","admitted":true,"resourceInvalid":false,"exitCode":0,"decision":"valid","code":"RESOURCE_FINAL_DECISION"}
