{"schema":1,"at":"2026-10-07T12:46:54.664Z","runId":"guest-census-final-green-20261007","path":"/Volumes/Samsung2TB/code/matrx-extend/docs/stabilization/resource-journals/guest-census-final-green-20261007.pending.jsonl","code":"RESOURCE_JOURNAL_OPENED"}
{"schema":1,"at":"2026-10-07T12:48:01.864Z","runId":"guest-census-final-green-20261007","mode":"run","policySchema":1,"sample":{"pressureLevel":1,"availableMemoryGiB":12,"requiredMemoryGiB":4,"oneMinuteLoad":1.4,"logicalCpus":10,"cpuBusyFraction":0.11571428571428573,"swapUsedMiB":2642.19,"repoFreeGiB":1680.6360778808594,"profileFreeGiB":1680.6360778808594,"safetyFreeGiB":23.0821533203125,"systemFreeGiB":23.0821533203125},"cpuBusySamples":[0.14,0.13,0.06,0.08,0.07,0.15,0.18],"reasons":[],"swapWindowSeconds":60,"code":"RESOURCE_ADMITTED"}
✔ Profile route passes exact CI artifact identity and extended admin mode to the native driver (1.491875ms)
✔ Profile route refuses absent or wrong case and non-CI evidence (0.782625ms)
✔ hosted Profile preflight refuses before credentials or runtime setup (176.970541ms)
✔ Profile organization fixture requires a private approved name (0.177667ms)
✔ Showcase and Scrape admin routes require the approved fixture before browser setup (163.807583ms)
✔ hosted Profile stages an exclusive private organization fixture for the native driver (3.972292ms)
✔ every hosted Profile phase refuses before browser setup with valid private inputs (607.488959ms)
✔ other hosted acceptance still passes credential preflight without runtime setup (75.327375ms)
✔ non-Profile package and browser phases retain resource admission (153.321125ms)
✔ known inventory labels map to source IDs while new visible controls stay explicit and private (1.666459ms)
✔ backend mutation attempt is aborted without retaining URL or request body (0.167834ms)
✔ unknown labels, inaccessible regions, and intercepted RPCs each prevent completeness (0.240292ms)
✔ Settings census observes the actual OpenUrl anchor as C39 without emitting its href (8.035833ms)
✔ unknown DOM labels use a fresh keyed fingerprint without raw text or correlation (4.76ms)
✔ direct census invocation refuses before browser or credentials without resource guard (89.877334ms)
✔ hosted census role preflight requires real auth only for member and admin (0.255459ms)
✔ discovery retains untitled and alternate tab shapes but only permits mapped native triggers (3.583208ms)
✔ discovery retains summary, non-button expanders and unclassified section controls (2.180917ms)
✔ Settings section readiness uses its active panel while retaining unknown section triggers (2.0485ms)
✔ Settings readiness refuses an inactive panel or duplicate Account expanders inside it (2.568875ms)
✔ guest evidence requires observed signed-out account and absent credentials (1.479041ms)
✔ guest observation refuses every contradictory or missing auth signal without leaking identity (12.77675ms)
✔ discovery contract detects an in-memory narrowed selector and constant-result replacement (6.631083ms)
✔ guest contract detects a constant signed-out replacement (5.601333ms)
ℹ tests 24
ℹ suites 0
ℹ pass 24
ℹ fail 0
ℹ cancelled 0
ℹ skipped 0
ℹ todo 0
ℹ duration_ms 1258.340834
{"schema":1,"at":"2026-10-07T12:48:03.218Z","runId":"guest-census-final-green-20261007","childExitCode":0,"childSignal":null,"code":"RESOURCE_JOB_EXIT"}
{"schema":1,"at":"2026-10-07T12:48:03.258Z","runId":"guest-census-final-green-20261007","admitted":true,"resourceInvalid":false,"exitCode":0,"decision":"valid","code":"RESOURCE_FINAL_DECISION"}
