{"schema":1,"at":"2026-10-07T07:55:37.176Z","runId":"d47-manual-priorrun-causal-binding-red-20261007","path":"/Volumes/Samsung2TB/code/matrx-extend/docs/stabilization/resource-journals/d47-manual-priorrun-causal-binding-red-20261007.pending.jsonl","code":"RESOURCE_JOURNAL_OPENED"}
{"schema":1,"at":"2026-10-07T07:56:44.385Z","runId":"d47-manual-priorrun-causal-binding-red-20261007","mode":"run","policySchema":1,"sample":{"pressureLevel":1,"availableMemoryGiB":12.64,"requiredMemoryGiB":4,"oneMinuteLoad":2.04,"logicalCpus":10,"cpuBusyFraction":0.0942857142857143,"swapUsedMiB":2777.56,"repoFreeGiB":1681.1788902282715,"profileFreeGiB":1681.1788902282715,"safetyFreeGiB":23.312328338623047,"systemFreeGiB":23.312328338623047},"cpuBusySamples":[0.07,0.06,0.07,0.25,0.08,0.07,0.06],"reasons":[],"swapWindowSeconds":60,"code":"RESOURCE_ADMITTED"}
(!) Your Vite config uses features that are unsupported by `configLoader: 'native'`, which is planned to become the default in a future major version of Vite:
  - `__dirname` (vitest.config.ts:7:25). Use `import.meta.dirname` instead
Set `VITE_CONFIG_NATIVE_IGNORE_WARNING=true` to suppress this warning.

 RUN  v4.1.11 /Volumes/Samsung2TB/code/matrx-extend

(node:60342) Warning: `--localstorage-file` was provided without a valid path
(Use `node --trace-warnings ...` to show where the warning was created)
 ❯ tests/unit/.d47-priorrun-binding-mutant.test.ts (17 tests | 1 failed) 280ms
   × saved replay ignores a prior-run binding while accepting its own document 3ms

⎯⎯⎯⎯⎯⎯⎯ Failed Tests 1 ⎯⎯⎯⎯⎯⎯⎯

 FAIL  tests/unit/.d47-priorrun-binding-mutant.test.ts > saved replay ignores a prior-run binding while accepting its own document
AssertionError: expected { Object (rows) } to deeply equal { rows: [ { title: 'Current run' } ] }

- Expected
+ Received

  {
    "rows": [
      {
-       "title": "Current run",
+       "title": "Earlier run late",
      },
    ],
  }

 ❯ tests/unit/.d47-priorrun-binding-mutant.test.ts:379:31
    377|   await waitForReload(2);
    378|   await vi.advanceTimersByTimeAsync(100);
    379|   expect(await secondOutcome).toEqual({ rows: [{ title: 'Current run' …
       |                               ^
    380| });
    381|

⎯⎯⎯⎯⎯⎯⎯⎯⎯⎯⎯⎯⎯⎯⎯⎯⎯⎯⎯⎯⎯⎯⎯⎯[1/1]⎯


 Test Files  1 failed (1)
      Tests  1 failed | 16 passed (17)
   Start at  00:56:44
   Duration  912ms (transform 207ms, setup 75ms, import 281ms, tests 280ms, environment 180ms)

{"schema":1,"at":"2026-10-07T07:56:45.908Z","runId":"d47-manual-priorrun-causal-binding-red-20261007","childExitCode":1,"childSignal":null,"code":"RESOURCE_JOB_EXIT"}
{"schema":1,"at":"2026-10-07T07:56:45.953Z","runId":"d47-manual-priorrun-causal-binding-red-20261007","admitted":true,"resourceInvalid":false,"exitCode":1,"decision":"child_failed","code":"RESOURCE_FINAL_DECISION"}
