{"schema":1,"at":"2026-10-07T07:54:04.264Z","runId":"d47-manual-priorrun-causal-manual-red-20261007","path":"/Volumes/Samsung2TB/code/matrx-extend/docs/stabilization/resource-journals/d47-manual-priorrun-causal-manual-red-20261007.pending.jsonl","code":"RESOURCE_JOURNAL_OPENED"}
{"schema":1,"at":"2026-10-07T07:55:11.493Z","runId":"d47-manual-priorrun-causal-manual-red-20261007","mode":"run","policySchema":1,"sample":{"pressureLevel":1,"availableMemoryGiB":12.64,"requiredMemoryGiB":4,"oneMinuteLoad":1.32,"logicalCpus":10,"cpuBusyFraction":0.09857142857142856,"swapUsedMiB":2777.56,"repoFreeGiB":1681.178913116455,"profileFreeGiB":1681.178913116455,"safetyFreeGiB":23.314929962158203,"systemFreeGiB":23.314929962158203},"cpuBusySamples":[0.07,0.06,0.26,0.07,0.07,0.1,0.06],"reasons":[],"swapWindowSeconds":60,"code":"RESOURCE_ADMITTED"}
(!) Your Vite config uses features that are unsupported by `configLoader: 'native'`, which is planned to become the default in a future major version of Vite:
  - `__dirname` (vitest.config.ts:7:25). Use `import.meta.dirname` instead
Set `VITE_CONFIG_NATIVE_IGNORE_WARNING=true` to suppress this warning.

 RUN  v4.1.11 /Volumes/Samsung2TB/code/matrx-extend

 ❯ tests/unit/.d47-manual-priorrun-mutant.test.tsx (1 test | 1 failed) 14ms
   × keeps a concurrent manual response out of the saved replay result 14ms

⎯⎯⎯⎯⎯⎯⎯ Failed Tests 1 ⎯⎯⎯⎯⎯⎯⎯

 FAIL  tests/unit/.d47-manual-priorrun-mutant.test.tsx > keeps a concurrent manual response out of the saved replay result
AssertionError: expected [ { title: 'Manual prior response' } ] to deeply equal [ { title: 'Brooklyn Bowl' } ]

- Expected
+ Received

  [
    {
-     "title": "Brooklyn Bowl",
+     "title": "Manual prior response",
    },
  ]

 ❯ tests/unit/.d47-manual-priorrun-mutant.test.tsx:290:24
    288|   for (let i = 0; i < 20; i++) await Promise.resolve();
    289|   await vi.advanceTimersByTimeAsync(100);
    290|   expect(await replay).toEqual([{ title: 'Brooklyn Bowl' }]);
       |                        ^
    291|   currentTitle = 'The Fonda Theatre';
    292|   const second = runReplay();

⎯⎯⎯⎯⎯⎯⎯⎯⎯⎯⎯⎯⎯⎯⎯⎯⎯⎯⎯⎯⎯⎯⎯⎯[1/1]⎯


 Test Files  1 failed (1)
      Tests  1 failed (1)
   Start at  00:55:12
   Duration  804ms (transform 189ms, setup 87ms, import 238ms, tests 14ms, environment 365ms)

{"schema":1,"at":"2026-10-07T07:55:12.977Z","runId":"d47-manual-priorrun-causal-manual-red-20261007","childExitCode":1,"childSignal":null,"code":"RESOURCE_JOB_EXIT"}
{"schema":1,"at":"2026-10-07T07:55:13.015Z","runId":"d47-manual-priorrun-causal-manual-red-20261007","admitted":true,"resourceInvalid":false,"exitCode":1,"decision":"child_failed","code":"RESOURCE_FINAL_DECISION"}
